

HI-TECH Software PIC PRO Macro Assembler V9.83 build 10920 
                                                                                               Wed May 26 15:12:26 2021

HI-TECH Software Omniscient Code Generator (PRO mode) build 10920
     1                           	processor	16F684
     2                           	opt	pw 120
     3                           	opt	pm
     4                           	psect	idataCOMMON,global,class=CODE,delta=2
     5                           	psect	cinit,global,class=CODE,delta=2
     6                           	psect	bssCOMMON,global,class=COMMON,space=1,delta=1
     7                           	psect	dataCOMMON,global,class=COMMON,space=1,delta=1
     8                           	psect	bssBANK0,global,class=BANK0,space=1,delta=1
     9                           	psect	cstackCOMMON,global,class=COMMON,space=1,delta=1
    10                           	psect	cstackBANK0,global,class=BANK0,space=1,delta=1
    11                           	psect	maintext,global,class=CODE,delta=2
    12                           	psect	text370,local,class=CODE,delta=2
    13                           	psect	swtext1,local,class=CONST,delta=2
    14                           	psect	text371,local,class=CODE,delta=2
    15                           	psect	swtext2,local,class=CONST,delta=2
    16                           	psect	swtext3,local,class=CONST,delta=2
    17                           	psect	text372,local,class=CODE,delta=2
    18                           	psect	text373,local,class=CODE,delta=2
    19                           	psect	text374,local,class=CODE,delta=2
    20                           	psect	text375,local,class=CODE,delta=2
    21                           	psect	text376,local,class=CODE,delta=2
    22                           	psect	text377,local,class=CODE,delta=2
    23                           	psect	text378,local,class=CODE,delta=2
    24                           	psect	text379,local,class=CODE,delta=2
    25                           	psect	text380,local,class=CODE,delta=2
    26                           	psect	text381,local,class=CODE,delta=2
    27                           	psect	intentry,global,class=CODE,delta=2
    28                           	psect	text382,local,class=CODE,delta=2
    29                           	psect	pa_nodes,global,class=CODE,delta=2
    30                           	dabs	1,0x7E,2
    31  000A                     
    32                           	psect	idataCOMMON
    33  0000                     __pidataCOMMON:	
    34  000B                     _INTCON	set	11
    35  001B                     _MSCON	set	27
    36  001E                     _P1AUX	set	30
    37  0019                     _P1BR1	set	25
    38  001A                     _P1CDTH	set	26
    39  0010                     _P1CDTL	set	16
    40  0016                     _P1CON	set	22
    41  0009                     _P1DDTH	set	9
    42  0008                     _P1DDTL	set	8
    43  0005                     _PORTA	set	5
    44  0012                     _T2CON0	set	18
    45  0001                     _TMR0	set	1
    46  0013                     _TMR2H	set	19
    47  0011                     _TMR2L	set	17
    48  005F                     _GIE	set	95
    49  005B                     _PAIE	set	91
    50  0058                     _PAIF	set	88
    51  005E                     _PEIE	set	94
    52  002B                     _RA3	set	43
    53  005D                     _T0IE	set	93
    54  005A                     _T0IF	set	90
    55  0061                     _TMR2IF	set	97
    56  0092                     _TMR2ON	set	146
    57  0081                     _OPTION	set	129
    58  008F                     _OSCCON	set	143
    59  0090                     _P1OE	set	144
    60  0099                     _P1POL	set	153
    61  0092                     _PR2H	set	146
    62  0091                     _PR2L	set	145
    63  009E                     _T2CON1	set	158
    64  0085                     _TRISA	set	133
    65  0095                     _WPUA	set	149
    66  04B3                     _IOCA3	set	1203
    67  0461                     _TMR2IE	set	1121
    68  042B                     _TRISA3	set	1067
    69                           
    70                           	psect	cinit
    71  00F7                     start_initialization:	
    72  00F7  3001               	movlw	1
    73                           
    74                           ; Clear objects allocated to COMMON
    75  00F8  01F0               	clrf	__pbssCOMMON& (0+127)
    76  00F9  01F1               	clrf	(__pbssCOMMON+1)& (0+127)
    77  00FA  01F2               	clrf	(__pbssCOMMON+2)& (0+127)
    78  00FB  01F3               	clrf	(__pbssCOMMON+3)& (0+127)
    79  00FC  01F4               	clrf	(__pbssCOMMON+4)& (0+127)
    80                           
    81                           ; Clear objects allocated to BANK0
    82  00FD  01C0               	clrf	__pbssBANK0& (0+127)
    83  00FE  01C1               	clrf	(__pbssBANK0+1)& (0+127)
    84  00FF  01C2               	clrf	(__pbssBANK0+2)& (0+127)
    85  0100  01C3               	clrf	(__pbssBANK0+3)& (0+127)
    86  0101  01C4               	clrf	(__pbssBANK0+4)& (0+127)
    87  0102  01C5               	clrf	(__pbssBANK0+5)& (0+127)
    88                           
    89                           ;initializer for _bitdata
    90  0103  00FA               	movwf	__pdataCOMMON& (0+127)
    91  0104                     end_of_initialization:	
    92                           ;End of C runtime variable initialization code
    93                           
    94  0104  0183               	clrf	3
    95  0105  28AE               	ljmp	_main	;jump to C main() function
    96                           
    97                           	psect	bssCOMMON
    98  0070                     __pbssCOMMON:	
    99  0070                     _IRbitNum:	
   100  0070                     	ds	1
   101  0071                     _IRbitTime:	
   102  0071                     	ds	1
   103  0072                     _ft_user_pwm_mode:	
   104  0072                     	ds	1
   105  0073                     _pwm_colour_value:	
   106  0073                     	ds	1
   107  0074                     _pwm_rate_value:	
   108  0074                     	ds	1
   109                           
   110                           	psect	dataCOMMON
   111  007A                     __pdataCOMMON:	
   112  007A                     _bitdata:	
   113  007A                     	ds	1
   114                           
   115                           	psect	bssBANK0
   116  0040                     __pbssBANK0:	
   117  0040                     _IRDataTimer:	
   118  0040                     	ds	4
   119  0044                     _key_release:	
   120  0044                     	ds	1
   121  0045                     _time_15ms_cnt:	
   122  0045                     	ds	1
   123                           
   124                           	psect	cstackCOMMON
   125  0075                     __pcstackCOMMON:	
   126  0075                     ?_TIMER0_INITIAL:	
   127  0075                     ?_PA3_Level_Change_INITIAL:	
   128                           ; 0 bytes @ 0x0
   129                           
   130  0075                     ?_PWM1_INITIAL:	
   131                           ; 0 bytes @ 0x0
   132                           
   133  0075                     ?_PWM1_RATE_CHANGE:	
   134                           ; 0 bytes @ 0x0
   135                           
   136  0075                     ?_PWM_MODE_CHANGE:	
   137                           ; 0 bytes @ 0x0
   138                           
   139  0075                     ?_PWM1_RED:	
   140                           ; 0 bytes @ 0x0
   141                           
   142  0075                     ?_ISR:	
   143                           ; 0 bytes @ 0x0
   144                           
   145  0075                     ??_ISR:	
   146                           ; 0 bytes @ 0x0
   147                           
   148  0075                     ?_POWER_INITIAL:	
   149                           ; 0 bytes @ 0x0
   150                           
   151  0075                     ?_main:	
   152                           ; 0 bytes @ 0x0
   153                           
   154  0075                     ?_PWM1_GREEN:	
   155                           ; 0 bytes @ 0x0
   156                           
   157  0075                     ?_PWM1_BLUE:	
   158                           ; 0 bytes @ 0x0
   159                           
   160  0075                     ?_PWM1_WHITE:	
   161                           ; 0 bytes @ 0x0
   162                           
   163                           
   164                           ; 0 bytes @ 0x0
   165  0075                     	ds	3
   166  0078                     ??_TIMER0_INITIAL:	
   167  0078                     ??_PA3_Level_Change_INITIAL:	
   168                           ; 0 bytes @ 0x3
   169                           
   170  0078                     ??_PWM1_INITIAL:	
   171                           ; 0 bytes @ 0x3
   172                           
   173  0078                     ??_PWM1_RATE_CHANGE:	
   174                           ; 0 bytes @ 0x3
   175                           
   176  0078                     ??_PWM1_RED:	
   177                           ; 0 bytes @ 0x3
   178                           
   179  0078                     ??_POWER_INITIAL:	
   180                           ; 0 bytes @ 0x3
   181                           
   182  0078                     ??_PWM1_GREEN:	
   183                           ; 0 bytes @ 0x3
   184                           
   185  0078                     ??_PWM1_BLUE:	
   186                           ; 0 bytes @ 0x3
   187                           
   188  0078                     ??_PWM1_WHITE:	
   189                           ; 0 bytes @ 0x3
   190                           
   191  0078                     ?___lbmod:	
   192                           ; 0 bytes @ 0x3
   193                           
   194  0078                     PWM1_RATE_CHANGE@pwm_value:	
   195                           ; 1 bytes @ 0x3
   196                           
   197  0078                     ___lbmod@divisor:	
   198                           ; 1 bytes @ 0x3
   199                           
   200                           
   201                           ; 1 bytes @ 0x3
   202  0078                     	ds	1
   203  0079                     ??___lbmod:	
   204                           
   205                           ; 0 bytes @ 0x4
   206  0079                     	ds	1
   207  007A                     ??_PWM_MODE_CHANGE:	
   208  007A                     ??_main:	
   209                           ; 0 bytes @ 0x5
   210                           
   211                           
   212                           	psect	cstackBANK0
   213  0046                     __pcstackBANK0:	
   214                           ; 0 bytes @ 0x5
   215                           
   216  0046                     ___lbmod@dividend:	
   217                           
   218                           ; 1 bytes @ 0x0
   219  0046                     	ds	1
   220  0047                     ___lbmod@counter:	
   221                           
   222                           ; 1 bytes @ 0x1
   223  0047                     	ds	1
   224  0048                     ___lbmod@rem:	
   225                           
   226                           ; 1 bytes @ 0x2
   227  0048                     	ds	1
   228                           
   229                           	psect	maintext
   230  00AE                     __pmaintext:	
   231 ;;Data sizes: Strings 0, constant 0, data 1, bss 11, persistent 0 stack 0
   232 ;;Auto spaces:   Size  Autos    Used
   233 ;; COMMON          14      5      11
   234 ;; BANK0           48      3       9
   235 ;;
   236 ;; Pointer list with targets:
   237 ;;
   238 ;; Critical Paths under _main in COMMON
   239 ;;
   240 ;;   _PWM_MODE_CHANGE->___lbmod
   241 ;;
   242 ;; Critical Paths under _ISR in COMMON
   243 ;;
   244 ;;   None.
   245 ;;
   246 ;; Critical Paths under _main in BANK0
   247 ;;
   248 ;;   _PWM_MODE_CHANGE->___lbmod
   249 ;;
   250 ;; Critical Paths under _ISR in BANK0
   251 ;;
   252 ;;   None.
   253 ;;
   254 ;;Main: autosize = 0, tempsize = 0, incstack = 0, save=0
   255 ;;
   256 ;;
   257 ;;Call Graph Tables:
   258 ;;
   259 ;; ---------------------------------------------------------------------------------
   260 ;; (Depth) Function   	        Calls       Base Space   Used Autos Params    Refs
   261 ;; ---------------------------------------------------------------------------------
   262 ;; (0) _main                                                 0     0      0     322
   263 ;;                      _POWER_INITIAL
   264 ;;                     _TIMER0_INITIAL
   265 ;;           _PA3_Level_Change_INITIAL
   266 ;;                       _PWM1_INITIAL
   267 ;;                   _PWM1_RATE_CHANGE
   268 ;;                    _PWM_MODE_CHANGE
   269 ;; ---------------------------------------------------------------------------------
   270 ;; (1) _PWM_MODE_CHANGE                                      0     0      0     232
   271 ;;                            ___lbmod
   272 ;; ---------------------------------------------------------------------------------
   273 ;; (1) _PWM1_RATE_CHANGE                                     1     1      0      90
   274 ;;                                              3 COMMON     1     1      0
   275 ;;                           _PWM1_RED
   276 ;;                         _PWM1_GREEN
   277 ;;                          _PWM1_BLUE
   278 ;;                         _PWM1_WHITE
   279 ;; ---------------------------------------------------------------------------------
   280 ;; (1) _PWM1_INITIAL                                         0     0      0       0
   281 ;;                           _PWM1_RED
   282 ;; ---------------------------------------------------------------------------------
   283 ;; (2) ___lbmod                                              5     4      1     232
   284 ;;                                              3 COMMON     2     1      1
   285 ;;                                              0 BANK0      3     3      0
   286 ;; ---------------------------------------------------------------------------------
   287 ;; (2) _PWM1_WHITE                                           0     0      0       0
   288 ;; ---------------------------------------------------------------------------------
   289 ;; (2) _PWM1_BLUE                                            0     0      0       0
   290 ;; ---------------------------------------------------------------------------------
   291 ;; (2) _PWM1_GREEN                                           0     0      0       0
   292 ;; ---------------------------------------------------------------------------------
   293 ;; (2) _PWM1_RED                                             0     0      0       0
   294 ;; ---------------------------------------------------------------------------------
   295 ;; (1) _PA3_Level_Change_INITIAL                             0     0      0       0
   296 ;; ---------------------------------------------------------------------------------
   297 ;; (1) _TIMER0_INITIAL                                       0     0      0       0
   298 ;; ---------------------------------------------------------------------------------
   299 ;; (1) _POWER_INITIAL                                        0     0      0       0
   300 ;; ---------------------------------------------------------------------------------
   301 ;; Estimated maximum stack depth 2
   302 ;; ---------------------------------------------------------------------------------
   303 ;; (Depth) Function   	        Calls       Base Space   Used Autos Params    Refs
   304 ;; ---------------------------------------------------------------------------------
   305 ;; (3) _ISR                                                  3     3      0       0
   306 ;;                                              0 COMMON     3     3      0
   307 ;; ---------------------------------------------------------------------------------
   308 ;; Estimated maximum stack depth 3
   309 ;; ---------------------------------------------------------------------------------
   310 ;; Call Graph Graphs:
   311 ;; _main (ROOT)
   312 ;;   _POWER_INITIAL
   313 ;;   _TIMER0_INITIAL
   314 ;;   _PA3_Level_Change_INITIAL
   315 ;;   _PWM1_INITIAL
   316 ;;     _PWM1_RED
   317 ;;   _PWM1_RATE_CHANGE
   318 ;;     _PWM1_RED
   319 ;;     _PWM1_GREEN
   320 ;;     _PWM1_BLUE
   321 ;;     _PWM1_WHITE
   322 ;;   _PWM_MODE_CHANGE
   323 ;;     ___lbmod
   324 ;;
   325 ;; _ISR (ROOT)
   326 ;;
   327 ;; Address spaces:
   328 ;;Name               Size   Autos  Total    Cost      Usage
   329 ;;SFR1                 0      0       0       2        0.0%
   330 ;;BITSFR1              0      0       0       2        0.0%
   331 ;;CODE                 0      0       0       0        0.0%
   332 ;;DATA                 0      0      16       3        0.0%
   333 ;;ABS                  0      0      14       6        0.0%
   334 ;;NULL                 0      0       0       0        0.0%
   335 ;;STACK                0      0       2       2        0.0%
   336 ;;BANK0               30      3       9       5       18.8%
   337 ;;BITBANK0            30      0       0       4        0.0%
   338 ;;SFR0                 0      0       0       1        0.0%
   339 ;;BITSFR0              0      0       0       1        0.0%
   340 ;;COMMON               E      5       B       1       78.6%
   341 ;;BITCOMMON            E      0       0       0        0.0%
   342 ;;EEDATA              80      0       0       0        0.0%
   343                           
   344                           
   345 ;; *************** function _main *****************
   346 ;; Defined at:
   347 ;;		line 174 in file "TEST_FT62F21X_SLEEP.C"
   348 ;; Parameters:    Size  Location     Type
   349 ;;		None
   350 ;; Auto vars:     Size  Location     Type
   351 ;;		None
   352 ;; Return value:  Size  Location     Type
   353 ;;		None               void
   354 ;; Registers used:
   355 ;;		wreg, fsr0l, fsr0h, status,2, status,0, pclath, cstack
   356 ;; Tracked objects:
   357 ;;		On entry : 17F/0
   358 ;;		On exit  : 20/0
   359 ;;		Unchanged: FFE00/0
   360 ;; Data sizes:     COMMON   BANK0
   361 ;;      Params:         0       0
   362 ;;      Locals:         0       0
   363 ;;      Temps:          0       0
   364 ;;      Totals:         0       0
   365 ;;Total ram usage:        0 bytes
   366 ;; Hardware stack levels required when called:    3
   367 ;; This function calls:
   368 ;;		_POWER_INITIAL
   369 ;;		_TIMER0_INITIAL
   370 ;;		_PA3_Level_Change_INITIAL
   371 ;;		_PWM1_INITIAL
   372 ;;		_PWM1_RATE_CHANGE
   373 ;;		_PWM_MODE_CHANGE
   374 ;; This function is called by:
   375 ;;		Startup code after reset
   376 ;; This function uses a non-reentrant model
   377 ;;
   378  00AE                     _main:	
   379                           
   380                           ;TEST_FT62F21X_SLEEP.C: 175: POWER_INITIAL();
   381                           
   382                           ; Regs used in _main: [wreg-fsr0h+status,2+status,0+pclath+cstack]
   383  00AE  2106               	fcall	_POWER_INITIAL
   384                           
   385                           ;TEST_FT62F21X_SLEEP.C: 176: TIMER0_INITIAL();
   386  00AF  212F               	fcall	_TIMER0_INITIAL
   387                           
   388                           ;TEST_FT62F21X_SLEEP.C: 177: PA3_Level_Change_INITIAL();
   389  00B0  211E               	fcall	_PA3_Level_Change_INITIAL
   390                           
   391                           ;TEST_FT62F21X_SLEEP.C: 178: PWM1_INITIAL();
   392  00B1  208E               	fcall	_PWM1_INITIAL
   393  00B2                     l3617:	
   394  00B2  0064               	clrwdt	;#
   395                           
   396                           ;TEST_FT62F21X_SLEEP.C: 184: if(ft_user_pwm_mode == 0)
   397  00B3  08F2               	movf	_ft_user_pwm_mode,f
   398  00B4  1D03               	skipz
   399  00B5  28BE               	goto	l3629
   400                           
   401                           ;TEST_FT62F21X_SLEEP.C: 185: {
   402                           ;TEST_FT62F21X_SLEEP.C: 186: if(time_15ms_cnt > 150)
   403  00B6  3097               	movlw	151
   404  00B7  1283               	bcf	3,5	;RP0=0, select bank0
   405  00B8  0245               	subwf	_time_15ms_cnt,w
   406  00B9  1C03               	skipc
   407  00BA  28BE               	goto	l3629
   408                           
   409                           ;TEST_FT62F21X_SLEEP.C: 187: {
   410                           ;TEST_FT62F21X_SLEEP.C: 188: time_15ms_cnt = 0;
   411  00BB  01C5               	clrf	_time_15ms_cnt
   412                           
   413                           ;TEST_FT62F21X_SLEEP.C: 189: pwm_rate_value++;
   414  00BC  0AF4               	incf	_pwm_rate_value,f
   415                           
   416                           ;TEST_FT62F21X_SLEEP.C: 190: PWM1_RATE_CHANGE();
   417  00BD  2059               	fcall	_PWM1_RATE_CHANGE
   418  00BE                     l3629:	
   419                           
   420                           ;TEST_FT62F21X_SLEEP.C: 191: }
   421                           ;TEST_FT62F21X_SLEEP.C: 192: }
   422                           ;TEST_FT62F21X_SLEEP.C: 194: if(PORTA & 0B00010000)
   423  00BE  1283               	bcf	3,5	;RP0=0, select bank0
   424  00BF  1E05               	btfss	5,4
   425  00C0  28C3               	goto	l3633
   426                           
   427                           ;TEST_FT62F21X_SLEEP.C: 195: {
   428                           ;TEST_FT62F21X_SLEEP.C: 196: key_release = 0;
   429  00C1  01C4               	clrf	_key_release
   430                           
   431                           ;TEST_FT62F21X_SLEEP.C: 197: }
   432  00C2  28B2               	goto	l3617
   433  00C3                     l3633:	
   434                           
   435                           ;TEST_FT62F21X_SLEEP.C: 198: else
   436                           ;TEST_FT62F21X_SLEEP.C: 199: {
   437                           ;TEST_FT62F21X_SLEEP.C: 200: if(key_release == 0)
   438  00C3  08C4               	movf	_key_release,f
   439  00C4  1D03               	skipz
   440  00C5  28C7               	goto	l3637
   441                           
   442                           ;TEST_FT62F21X_SLEEP.C: 201: {
   443                           ;TEST_FT62F21X_SLEEP.C: 202: PWM_MODE_CHANGE();
   444  00C6  20E6               	fcall	_PWM_MODE_CHANGE
   445  00C7                     l3637:	
   446                           
   447                           ;TEST_FT62F21X_SLEEP.C: 203: }
   448                           ;TEST_FT62F21X_SLEEP.C: 204: key_release = 1;
   449  00C7  01C4               	clrf	_key_release
   450  00C8  0AC4               	incf	_key_release,f
   451  00C9  28B2               	goto	l3617
   452  00CA                     __end_of_main:	
   453                           
   454                           	psect	text370
   455  00E6                     __ptext370:	
   456 ;; =============== function _main ends ============
   457                           
   458                           
   459 ;; *************** function _PWM_MODE_CHANGE *****************
   460 ;; Defined at:
   461 ;;		line 249 in file "FT_62F21X_pwm.c"
   462 ;; Parameters:    Size  Location     Type
   463 ;;		None
   464 ;; Auto vars:     Size  Location     Type
   465 ;;		None
   466 ;; Return value:  Size  Location     Type
   467 ;;		None               void
   468 ;; Registers used:
   469 ;;		wreg, fsr0l, fsr0h, status,2, status,0, pclath, cstack
   470 ;; Tracked objects:
   471 ;;		On entry : 20/0
   472 ;;		On exit  : 20/0
   473 ;;		Unchanged: FFFDF/0
   474 ;; Data sizes:     COMMON   BANK0
   475 ;;      Params:         0       0
   476 ;;      Locals:         0       0
   477 ;;      Temps:          0       0
   478 ;;      Totals:         0       0
   479 ;;Total ram usage:        0 bytes
   480 ;; Hardware stack levels used:    1
   481 ;; Hardware stack levels required when called:    2
   482 ;; This function calls:
   483 ;;		___lbmod
   484 ;; This function is called by:
   485 ;;		_main
   486 ;; This function uses a non-reentrant model
   487 ;;
   488  00E6                     _PWM_MODE_CHANGE:	
   489  00E6  3006               	movlw	6
   490                           
   491                           ;FT_62F21X_pwm.c: 250: ft_user_pwm_mode++;
   492                           
   493                           ; Regs used in _PWM_MODE_CHANGE: [wreg-fsr0h+status,2+status,0+pclath+cstack]
   494  00E7  0AF2               	incf	_ft_user_pwm_mode,f
   495                           
   496                           ;FT_62F21X_pwm.c: 251: ft_user_pwm_mode = ft_user_pwm_mode%6;
   497  00E8  00F8               	movwf	?___lbmod
   498  00E9  0872               	movf	_ft_user_pwm_mode,w
   499  00EA  20CA               	fcall	___lbmod
   500  00EB  00F2               	movwf	_ft_user_pwm_mode
   501                           
   502                           ; Switch size 1, requested type "space"
   503                           ; Number of cases is 6, Range of values is 0 to 5
   504                           ; switch strategies available:
   505                           ; Name         Instructions Cycles
   506                           ; direct_byte           12     6 (fixed)
   507                           ; simple_byte           19    10 (average)
   508                           ; jumptable            260     6 (fixed)
   509                           ; rangetable            10     6 (fixed)
   510                           ; spacedrange           18     9 (fixed)
   511                           ; locatedrange           6     3 (fixed)
   512                           ;	Chosen strategy is direct_byte
   513                           
   514                           ;FT_62F21X_pwm.c: 252: switch(ft_user_pwm_mode)
   515  00EC  0084               	movwf	4
   516  00ED  3006               	movlw	6
   517  00EE  0204               	subwf	4,w
   518  00EF  1803               	skipnc
   519  00F0  0008               	return
   520  00F1  3001               	movlw	high S3669
   521  00F2  008A               	movwf	10
   522  00F3  3037               	movlw	low S3669
   523  00F4  0704               	addwf	4,w
   524  00F5  0082               	movwf	2
   525  00F6                     l1444:	
   526  00F6  0008               	return
   527  00F7                     __end_of_PWM_MODE_CHANGE:	
   528                           
   529                           	psect	swtext1
   530  0137                     __pswtext1:	
   531  0137                     S3669:	
   532  0137  28F6               	ljmp	l1444
   533  0138  28F6               	ljmp	l1444
   534  0139  28F6               	ljmp	l1444
   535  013A  28F6               	ljmp	l1444
   536  013B  28F6               	ljmp	l1444
   537  013C  28F6               	ljmp	l1444
   538                           
   539                           	psect	text371
   540  0059                     __ptext371:	
   541 ;; =============== function _PWM_MODE_CHANGE ends ============
   542                           
   543                           
   544 ;; *************** function _PWM1_RATE_CHANGE *****************
   545 ;; Defined at:
   546 ;;		line 183 in file "FT_62F21X_pwm.c"
   547 ;; Parameters:    Size  Location     Type
   548 ;;		None
   549 ;; Auto vars:     Size  Location     Type
   550 ;;  pwm_value       1    3[COMMON] unsigned char 
   551 ;; Return value:  Size  Location     Type
   552 ;;		None               void
   553 ;; Registers used:
   554 ;;		wreg, fsr0l, fsr0h, status,2, status,0, pclath, cstack
   555 ;; Tracked objects:
   556 ;;		On entry : 20/0
   557 ;;		On exit  : 20/0
   558 ;;		Unchanged: FFFDF/0
   559 ;; Data sizes:     COMMON   BANK0
   560 ;;      Params:         0       0
   561 ;;      Locals:         1       0
   562 ;;      Temps:          0       0
   563 ;;      Totals:         1       0
   564 ;;Total ram usage:        1 bytes
   565 ;; Hardware stack levels used:    1
   566 ;; Hardware stack levels required when called:    2
   567 ;; This function calls:
   568 ;;		_PWM1_RED
   569 ;;		_PWM1_GREEN
   570 ;;		_PWM1_BLUE
   571 ;;		_PWM1_WHITE
   572 ;; This function is called by:
   573 ;;		_main
   574 ;; This function uses a non-reentrant model
   575 ;;
   576  0059                     _PWM1_RATE_CHANGE:	
   577                           
   578                           ;FT_62F21X_pwm.c: 184: unsigned char pwm_value;
   579                           ;FT_62F21X_pwm.c: 186: if(pwm_rate_value >= 200)
   580                           
   581                           ; Regs used in _PWM1_RATE_CHANGE: [wreg-fsr0h+status,2+status,0+pclath+cstack]
   582  0059  30C8               	movlw	200
   583  005A  0274               	subwf	_pwm_rate_value,w
   584  005B  1C03               	skipc
   585  005C  2875               	goto	l3495
   586  005D  3003               	movlw	3
   587                           
   588                           ;FT_62F21X_pwm.c: 187: {
   589                           ;FT_62F21X_pwm.c: 188: pwm_rate_value = 0;
   590  005E  01F4               	clrf	_pwm_rate_value
   591                           
   592                           ;FT_62F21X_pwm.c: 189: pwm_colour_value++;
   593  005F  0AF3               	incf	_pwm_colour_value,f
   594                           
   595                           ;FT_62F21X_pwm.c: 190: pwm_colour_value = pwm_colour_value%4;
   596  0060  05F3               	andwf	_pwm_colour_value,f
   597                           
   598                           ;FT_62F21X_pwm.c: 191: switch(pwm_colour_value)
   599  0061  286A               	goto	l3493
   600  0062                     l3483:	
   601                           
   602                           ;FT_62F21X_pwm.c: 194: PWM1_RED();
   603  0062  2143               	fcall	_PWM1_RED
   604                           
   605                           ;FT_62F21X_pwm.c: 195: break;
   606  0063  2875               	goto	l3495
   607  0064                     l3485:	
   608                           
   609                           ;FT_62F21X_pwm.c: 198: PWM1_GREEN();
   610  0064  213D               	fcall	_PWM1_GREEN
   611                           
   612                           ;FT_62F21X_pwm.c: 199: break;
   613  0065  2875               	goto	l3495
   614  0066                     l3487:	
   615                           
   616                           ;FT_62F21X_pwm.c: 202: PWM1_BLUE();
   617  0066  2127               	fcall	_PWM1_BLUE
   618                           
   619                           ;FT_62F21X_pwm.c: 203: break;
   620  0067  2875               	goto	l3495
   621  0068                     l3489:	
   622                           
   623                           ;FT_62F21X_pwm.c: 206: PWM1_WHITE();
   624  0068  2115               	fcall	_PWM1_WHITE
   625                           
   626                           ;FT_62F21X_pwm.c: 207: break;
   627  0069  2875               	goto	l3495
   628  006A                     l3493:	
   629  006A  0873               	movf	_pwm_colour_value,w
   630                           
   631                           ; Switch size 1, requested type "space"
   632                           ; Number of cases is 4, Range of values is 0 to 3
   633                           ; switch strategies available:
   634                           ; Name         Instructions Cycles
   635                           ; direct_byte           10     6 (fixed)
   636                           ; simple_byte           13     7 (average)
   637                           ; jumptable            260     6 (fixed)
   638                           ; rangetable             8     6 (fixed)
   639                           ; spacedrange           14     9 (fixed)
   640                           ; locatedrange           4     3 (fixed)
   641                           ;	Chosen strategy is direct_byte
   642  006B  0084               	movwf	4
   643  006C  3004               	movlw	4
   644  006D  0204               	subwf	4,w
   645  006E  1803               	skipnc
   646  006F  2875               	goto	l3495
   647  0070  3001               	movlw	high S3671
   648  0071  008A               	movwf	10
   649  0072  3049               	movlw	low S3671
   650  0073  0704               	addwf	4,w
   651  0074  0082               	movwf	2
   652  0075                     l3495:	
   653                           
   654                           ;FT_62F21X_pwm.c: 213: }
   655                           ;FT_62F21X_pwm.c: 214: if(pwm_rate_value <=100)
   656  0075  3065               	movlw	101
   657  0076  0274               	subwf	_pwm_rate_value,w
   658                           
   659                           ;FT_62F21X_pwm.c: 215: {
   660                           ;FT_62F21X_pwm.c: 216: pwm_value = pwm_rate_value;
   661  0077  0874               	movf	_pwm_rate_value,w
   662  0078  1803               	skipnc
   663                           
   664                           ;FT_62F21X_pwm.c: 218: else
   665                           ;FT_62F21X_pwm.c: 219: {
   666                           ;FT_62F21X_pwm.c: 220: pwm_value = 200 - pwm_rate_value;
   667                           
   668                           ;FT_62F21X_pwm.c: 217: }
   669  0079  3CC8               	sublw	200
   670  007A  00F8               	movwf	PWM1_RATE_CHANGE@pwm_value
   671  007B  2882               	goto	l3511
   672  007C                     l3501:	
   673                           
   674                           ;FT_62F21X_pwm.c: 226: P1CDTL = pwm_value;
   675  007C  0878               	movf	PWM1_RATE_CHANGE@pwm_value,w
   676  007D  0090               	movwf	16	;volatile
   677                           
   678                           ;FT_62F21X_pwm.c: 227: break;
   679  007E  0008               	return
   680  007F                     l3503:	
   681                           
   682                           ;FT_62F21X_pwm.c: 230: P1DDTL = pwm_value;
   683  007F  0878               	movf	PWM1_RATE_CHANGE@pwm_value,w
   684  0080  0088               	movwf	8	;volatile
   685                           
   686                           ;FT_62F21X_pwm.c: 231: break;
   687  0081  0008               	return
   688  0082                     l3511:	
   689  0082  0873               	movf	_pwm_colour_value,w
   690                           
   691                           ; Switch size 1, requested type "space"
   692                           ; Number of cases is 4, Range of values is 0 to 3
   693                           ; switch strategies available:
   694                           ; Name         Instructions Cycles
   695                           ; direct_byte           10     6 (fixed)
   696                           ; simple_byte           13     7 (average)
   697                           ; jumptable            260     6 (fixed)
   698                           ; rangetable             8     6 (fixed)
   699                           ; spacedrange           14     9 (fixed)
   700                           ; locatedrange           4     3 (fixed)
   701                           ;	Chosen strategy is direct_byte
   702  0083  0084               	movwf	4
   703  0084  3004               	movlw	4
   704  0085  0204               	subwf	4,w
   705  0086  1803               	skipnc
   706  0087  0008               	return
   707  0088  3001               	movlw	high S3673
   708  0089  008A               	movwf	10
   709  008A  304D               	movlw	low S3673
   710  008B  0704               	addwf	4,w
   711  008C  0082               	movwf	2
   712  008D  0008               	return
   713  008E                     __end_of_PWM1_RATE_CHANGE:	
   714                           
   715                           	psect	swtext2
   716  0149                     __pswtext2:	
   717  0149                     S3671:	
   718  0149  2862               	ljmp	l3483
   719  014A  2864               	ljmp	l3485
   720  014B  2866               	ljmp	l3487
   721  014C  2868               	ljmp	l3489
   722                           
   723                           	psect	swtext3
   724  014D                     __pswtext3:	
   725  014D                     S3673:	
   726  014D  287C               	ljmp	l3501
   727  014E  287F               	ljmp	l3503
   728  014F  287C               	ljmp	l3501
   729  0150  287F               	ljmp	l3503
   730                           
   731                           	psect	text372
   732  008E                     __ptext372:	
   733 ;; =============== function _PWM1_RATE_CHANGE ends ============
   734                           
   735                           
   736 ;; *************** function _PWM1_INITIAL *****************
   737 ;; Defined at:
   738 ;;		line 21 in file "FT_62F21X_pwm.c"
   739 ;; Parameters:    Size  Location     Type
   740 ;;		None
   741 ;; Auto vars:     Size  Location     Type
   742 ;;		None
   743 ;; Return value:  Size  Location     Type
   744 ;;		None               void
   745 ;; Registers used:
   746 ;;		wreg, status,2, status,0, pclath, cstack
   747 ;; Tracked objects:
   748 ;;		On entry : 17F/20
   749 ;;		On exit  : 17F/0
   750 ;;		Unchanged: FFE80/0
   751 ;; Data sizes:     COMMON   BANK0
   752 ;;      Params:         0       0
   753 ;;      Locals:         0       0
   754 ;;      Temps:          0       0
   755 ;;      Totals:         0       0
   756 ;;Total ram usage:        0 bytes
   757 ;; Hardware stack levels used:    1
   758 ;; Hardware stack levels required when called:    2
   759 ;; This function calls:
   760 ;;		_PWM1_RED
   761 ;; This function is called by:
   762 ;;		_main
   763 ;; This function uses a non-reentrant model
   764 ;;
   765  008E                     _PWM1_INITIAL:	
   766                           
   767                           ;FT_62F21X_pwm.c: 22: T2CON0=0B00000001;
   768                           
   769                           ; Regs used in _PWM1_INITIAL: [wreg+status,2+status,0+pclath+cstack]
   770  008E  3001               	movlw	1
   771  008F  1283               	bcf	3,5	;RP0=0, select bank0
   772  0090  0092               	movwf	18	;volatile
   773                           
   774                           ;FT_62F21X_pwm.c: 28: T2CON1=0B00000000;
   775  0091  1683               	bsf	3,5	;RP0=1, select bank1
   776  0092  019E               	clrf	30	;volatile
   777                           
   778                           ;FT_62F21X_pwm.c: 33: TMR2H=0;
   779  0093  1283               	bcf	3,5	;RP0=0, select bank0
   780  0094  0193               	clrf	19	;volatile
   781                           
   782                           ;FT_62F21X_pwm.c: 34: TMR2L=100;
   783  0095  3064               	movlw	100
   784  0096  0091               	movwf	17	;volatile
   785                           
   786                           ;FT_62F21X_pwm.c: 36: PR2H=0;
   787  0097  1683               	bsf	3,5	;RP0=1, select bank1
   788  0098  0192               	clrf	18	;volatile
   789                           
   790                           ;FT_62F21X_pwm.c: 37: PR2L=100;
   791  0099  0091               	movwf	17	;volatile
   792                           
   793                           ;FT_62F21X_pwm.c: 39: P1CDTH=0;
   794  009A  1283               	bcf	3,5	;RP0=0, select bank0
   795  009B  019A               	clrf	26	;volatile
   796                           
   797                           ;FT_62F21X_pwm.c: 40: P1DDTH=0;
   798  009C  0189               	clrf	9	;volatile
   799                           
   800                           ;FT_62F21X_pwm.c: 41: P1CDTL=0;
   801  009D  0190               	clrf	16	;volatile
   802                           
   803                           ;FT_62F21X_pwm.c: 42: P1DDTL=0;
   804  009E  0188               	clrf	8	;volatile
   805                           
   806                           ;FT_62F21X_pwm.c: 44: P1POL=0B00000000;
   807  009F  1683               	bsf	3,5	;RP0=1, select bank1
   808  00A0  0199               	clrf	25	;volatile
   809                           
   810                           ;FT_62F21X_pwm.c: 51: P1CON=0B00000000;
   811  00A1  1283               	bcf	3,5	;RP0=0, select bank0
   812  00A2  0196               	clrf	22	;volatile
   813                           
   814                           ;FT_62F21X_pwm.c: 58: P1AUX=0B00000000;
   815  00A3  019E               	clrf	30	;volatile
   816                           
   817                           ;FT_62F21X_pwm.c: 66: PWM1_RED();
   818  00A4  2143               	fcall	_PWM1_RED
   819                           
   820                           ;FT_62F21X_pwm.c: 67: pwm_colour_value = 0;
   821  00A5  01F3               	clrf	_pwm_colour_value
   822                           
   823                           ;FT_62F21X_pwm.c: 69: TMR2IF=0;
   824  00A6  108C               	bcf	12,1
   825                           
   826                           ;FT_62F21X_pwm.c: 70: TMR2IE=1;
   827  00A7  1683               	bsf	3,5	;RP0=1, select bank1
   828  00A8  148C               	bsf	12,1
   829                           
   830                           ;FT_62F21X_pwm.c: 71: TMR2ON=1;
   831  00A9  1283               	bcf	3,5	;RP0=0, select bank0
   832  00AA  1512               	bsf	18,2
   833                           
   834                           ;FT_62F21X_pwm.c: 72: PEIE=1;
   835  00AB  170B               	bsf	11,6
   836                           
   837                           ;FT_62F21X_pwm.c: 73: GIE=1;
   838  00AC  178B               	bsf	11,7
   839  00AD  0008               	return
   840  00AE                     __end_of_PWM1_INITIAL:	
   841                           
   842                           	psect	text373
   843  00CA                     __ptext373:	
   844 ;; =============== function _PWM1_INITIAL ends ============
   845                           
   846                           
   847 ;; *************** function ___lbmod *****************
   848 ;; Defined at:
   849 ;;		line 5 in file "c:\program files (x86)\fmd\fmdide\data\sources\lbmod.c"
   850 ;; Parameters:    Size  Location     Type
   851 ;;  dividend        1    wreg     unsigned char 
   852 ;;  divisor         1    3[COMMON] unsigned char 
   853 ;; Auto vars:     Size  Location     Type
   854 ;;  dividend        1    0[BANK0 ] unsigned char 
   855 ;;  rem             1    2[BANK0 ] unsigned char 
   856 ;;  counter         1    1[BANK0 ] unsigned char 
   857 ;; Return value:  Size  Location     Type
   858 ;;                  1    wreg      unsigned char 
   859 ;; Registers used:
   860 ;;		wreg, status,2, status,0
   861 ;; Tracked objects:
   862 ;;		On entry : 20/0
   863 ;;		On exit  : 20/0
   864 ;;		Unchanged: FFFDF/0
   865 ;; Data sizes:     COMMON   BANK0
   866 ;;      Params:         1       0
   867 ;;      Locals:         0       3
   868 ;;      Temps:          1       0
   869 ;;      Totals:         2       3
   870 ;;Total ram usage:        5 bytes
   871 ;; Hardware stack levels used:    1
   872 ;; Hardware stack levels required when called:    1
   873 ;; This function calls:
   874 ;;		Nothing
   875 ;; This function is called by:
   876 ;;		_PWM_MODE_CHANGE
   877 ;; This function uses a non-reentrant model
   878 ;;
   879  00CA                     ___lbmod:	
   880                           
   881                           ; Regs used in ___lbmod: [wreg+status,2+status,0]
   882                           ;___lbmod@dividend stored from wreg
   883  00CA  00C6               	movwf	___lbmod@dividend
   884  00CB  3008               	movlw	8
   885  00CC  00C7               	movwf	___lbmod@counter
   886  00CD  01C8               	clrf	___lbmod@rem
   887  00CE                     l3591:	
   888  00CE  0846               	movf	___lbmod@dividend,w
   889  00CF  00F9               	movwf	??___lbmod
   890  00D0  3007               	movlw	7
   891  00D1  1003               	clrc
   892  00D2                     L3:	
   893  00D2  0CF9               	rrf	??___lbmod,f
   894  00D3  3EFF               	addlw	-1
   895  00D4  1003               	clrc
   896  00D5  1D03               	skipz
   897  00D6  28D2               	goto	L3
   898  00D7  0D48               	rlf	___lbmod@rem,w
   899  00D8  0479               	iorwf	??___lbmod,w
   900  00D9  00C8               	movwf	___lbmod@rem
   901  00DA  1003               	clrc
   902  00DB  0DC6               	rlf	___lbmod@dividend,f
   903  00DC  0878               	movf	___lbmod@divisor,w
   904  00DD  0248               	subwf	___lbmod@rem,w
   905  00DE  1C03               	skipc
   906  00DF  28E2               	goto	l3599
   907  00E0  0878               	movf	___lbmod@divisor,w
   908  00E1  02C8               	subwf	___lbmod@rem,f
   909  00E2                     l3599:	
   910  00E2  0BC7               	decfsz	___lbmod@counter,f
   911  00E3  28CE               	goto	l3591
   912  00E4  0848               	movf	___lbmod@rem,w
   913  00E5  0008               	return
   914  00E6                     __end_of___lbmod:	
   915                           
   916                           	psect	text374
   917  0115                     __ptext374:	
   918 ;; =============== function ___lbmod ends ============
   919                           
   920                           
   921 ;; *************** function _PWM1_WHITE *****************
   922 ;; Defined at:
   923 ;;		line 164 in file "FT_62F21X_pwm.c"
   924 ;; Parameters:    Size  Location     Type
   925 ;;		None
   926 ;; Auto vars:     Size  Location     Type
   927 ;;		None
   928 ;; Return value:  Size  Location     Type
   929 ;;		None               void
   930 ;; Registers used:
   931 ;;		wreg, status,2
   932 ;; Tracked objects:
   933 ;;		On entry : 20/0
   934 ;;		On exit  : 20/0
   935 ;;		Unchanged: FFFDF/0
   936 ;; Data sizes:     COMMON   BANK0
   937 ;;      Params:         0       0
   938 ;;      Locals:         0       0
   939 ;;      Temps:          0       0
   940 ;;      Totals:         0       0
   941 ;;Total ram usage:        0 bytes
   942 ;; Hardware stack levels used:    1
   943 ;; Hardware stack levels required when called:    1
   944 ;; This function calls:
   945 ;;		Nothing
   946 ;; This function is called by:
   947 ;;		_PWM1_RATE_CHANGE
   948 ;; This function uses a non-reentrant model
   949 ;;
   950  0115                     _PWM1_WHITE:	
   951                           
   952                           ;FT_62F21X_pwm.c: 165: P1CDTL=0;
   953                           
   954                           ; Regs used in _PWM1_WHITE: [wreg+status,2]
   955  0115  0190               	clrf	16	;volatile
   956                           
   957                           ;FT_62F21X_pwm.c: 166: P1DDTL=0;
   958  0116  0188               	clrf	8	;volatile
   959                           
   960                           ;FT_62F21X_pwm.c: 168: P1OE=0B00100000;
   961  0117  3020               	movlw	32
   962  0118  1683               	bsf	3,5	;RP0=1, select bank1
   963  0119  0090               	movwf	16	;volatile
   964                           
   965                           ;FT_62F21X_pwm.c: 176: P1BR1=0B00000100;
   966  011A  3004               	movlw	4
   967  011B  1283               	bcf	3,5	;RP0=0, select bank0
   968  011C  0099               	movwf	25	;volatile
   969  011D  0008               	return
   970  011E                     __end_of_PWM1_WHITE:	
   971                           
   972                           	psect	text375
   973  0127                     __ptext375:	
   974 ;; =============== function _PWM1_WHITE ends ============
   975                           
   976                           
   977 ;; *************** function _PWM1_BLUE *****************
   978 ;; Defined at:
   979 ;;		line 145 in file "FT_62F21X_pwm.c"
   980 ;; Parameters:    Size  Location     Type
   981 ;;		None
   982 ;; Auto vars:     Size  Location     Type
   983 ;;		None
   984 ;; Return value:  Size  Location     Type
   985 ;;		None               void
   986 ;; Registers used:
   987 ;;		wreg, status,2
   988 ;; Tracked objects:
   989 ;;		On entry : 20/0
   990 ;;		On exit  : 20/0
   991 ;;		Unchanged: FFFDF/0
   992 ;; Data sizes:     COMMON   BANK0
   993 ;;      Params:         0       0
   994 ;;      Locals:         0       0
   995 ;;      Temps:          0       0
   996 ;;      Totals:         0       0
   997 ;;Total ram usage:        0 bytes
   998 ;; Hardware stack levels used:    1
   999 ;; Hardware stack levels required when called:    1
  1000 ;; This function calls:
  1001 ;;		Nothing
  1002 ;; This function is called by:
  1003 ;;		_PWM1_RATE_CHANGE
  1004 ;; This function uses a non-reentrant model
  1005 ;;
  1006  0127                     _PWM1_BLUE:	
  1007                           
  1008                           ;FT_62F21X_pwm.c: 146: P1CDTL=0;
  1009                           
  1010                           ; Regs used in _PWM1_BLUE: [wreg+status,2]
  1011  0127  0190               	clrf	16	;volatile
  1012                           
  1013                           ;FT_62F21X_pwm.c: 147: P1DDTL=0;
  1014  0128  0188               	clrf	8	;volatile
  1015                           
  1016                           ;FT_62F21X_pwm.c: 149: P1OE=0B10000000;
  1017  0129  3080               	movlw	128
  1018  012A  1683               	bsf	3,5	;RP0=1, select bank1
  1019  012B  0090               	movwf	16	;volatile
  1020                           
  1021                           ;FT_62F21X_pwm.c: 157: P1BR1=0B00000000;
  1022  012C  1283               	bcf	3,5	;RP0=0, select bank0
  1023  012D  0199               	clrf	25	;volatile
  1024  012E  0008               	return
  1025  012F                     __end_of_PWM1_BLUE:	
  1026                           
  1027                           	psect	text376
  1028  013D                     __ptext376:	
  1029 ;; =============== function _PWM1_BLUE ends ============
  1030                           
  1031                           
  1032 ;; *************** function _PWM1_GREEN *****************
  1033 ;; Defined at:
  1034 ;;		line 112 in file "FT_62F21X_pwm.c"
  1035 ;; Parameters:    Size  Location     Type
  1036 ;;		None
  1037 ;; Auto vars:     Size  Location     Type
  1038 ;;		None
  1039 ;; Return value:  Size  Location     Type
  1040 ;;		None               void
  1041 ;; Registers used:
  1042 ;;		status,2
  1043 ;; Tracked objects:
  1044 ;;		On entry : 20/0
  1045 ;;		On exit  : 20/0
  1046 ;;		Unchanged: FFFDF/0
  1047 ;; Data sizes:     COMMON   BANK0
  1048 ;;      Params:         0       0
  1049 ;;      Locals:         0       0
  1050 ;;      Temps:          0       0
  1051 ;;      Totals:         0       0
  1052 ;;Total ram usage:        0 bytes
  1053 ;; Hardware stack levels used:    1
  1054 ;; Hardware stack levels required when called:    1
  1055 ;; This function calls:
  1056 ;;		Nothing
  1057 ;; This function is called by:
  1058 ;;		_PWM1_RATE_CHANGE
  1059 ;; This function uses a non-reentrant model
  1060 ;;
  1061  013D                     _PWM1_GREEN:	
  1062                           
  1063                           ;FT_62F21X_pwm.c: 129: P1CDTL=0;
  1064                           
  1065                           ; Regs used in _PWM1_GREEN: [status,2]
  1066  013D  0190               	clrf	16	;volatile
  1067                           
  1068                           ;FT_62F21X_pwm.c: 131: P1OE=0B00000000;
  1069  013E  1683               	bsf	3,5	;RP0=1, select bank1
  1070  013F  0190               	clrf	16	;volatile
  1071                           
  1072                           ;FT_62F21X_pwm.c: 139: P1BR1=0B00000000;
  1073  0140  1283               	bcf	3,5	;RP0=0, select bank0
  1074  0141  0199               	clrf	25	;volatile
  1075  0142  0008               	return
  1076  0143                     __end_of_PWM1_GREEN:	
  1077                           
  1078                           	psect	text377
  1079  0143                     __ptext377:	
  1080 ;; =============== function _PWM1_GREEN ends ============
  1081                           
  1082                           
  1083 ;; *************** function _PWM1_RED *****************
  1084 ;; Defined at:
  1085 ;;		line 79 in file "FT_62F21X_pwm.c"
  1086 ;; Parameters:    Size  Location     Type
  1087 ;;		None
  1088 ;; Auto vars:     Size  Location     Type
  1089 ;;		None
  1090 ;; Return value:  Size  Location     Type
  1091 ;;		None               void
  1092 ;; Registers used:
  1093 ;;		status,2
  1094 ;; Tracked objects:
  1095 ;;		On entry : 20/0
  1096 ;;		On exit  : 20/0
  1097 ;;		Unchanged: FFFDF/0
  1098 ;; Data sizes:     COMMON   BANK0
  1099 ;;      Params:         0       0
  1100 ;;      Locals:         0       0
  1101 ;;      Temps:          0       0
  1102 ;;      Totals:         0       0
  1103 ;;Total ram usage:        0 bytes
  1104 ;; Hardware stack levels used:    1
  1105 ;; Hardware stack levels required when called:    1
  1106 ;; This function calls:
  1107 ;;		Nothing
  1108 ;; This function is called by:
  1109 ;;		_PWM1_INITIAL
  1110 ;;		_PWM1_RATE_CHANGE
  1111 ;; This function uses a non-reentrant model
  1112 ;;
  1113  0143                     _PWM1_RED:	
  1114                           
  1115                           ;FT_62F21X_pwm.c: 96: P1CDTL=0;
  1116                           
  1117                           ; Regs used in _PWM1_RED: [status,2]
  1118  0143  0190               	clrf	16	;volatile
  1119                           
  1120                           ;FT_62F21X_pwm.c: 98: P1OE=0B00000000;
  1121  0144  1683               	bsf	3,5	;RP0=1, select bank1
  1122  0145  0190               	clrf	16	;volatile
  1123                           
  1124                           ;FT_62F21X_pwm.c: 106: P1BR1=0B00000000;
  1125  0146  1283               	bcf	3,5	;RP0=0, select bank0
  1126  0147  0199               	clrf	25	;volatile
  1127  0148  0008               	return
  1128  0149                     __end_of_PWM1_RED:	
  1129                           
  1130                           	psect	text378
  1131  011E                     __ptext378:	
  1132 ;; =============== function _PWM1_RED ends ============
  1133                           
  1134                           
  1135 ;; *************** function _PA3_Level_Change_INITIAL *****************
  1136 ;; Defined at:
  1137 ;;		line 37 in file "FT_62F21x_IR.c"
  1138 ;; Parameters:    Size  Location     Type
  1139 ;;		None
  1140 ;; Auto vars:     Size  Location     Type
  1141 ;;		None
  1142 ;; Return value:  Size  Location     Type
  1143 ;;		None               void
  1144 ;; Registers used:
  1145 ;;		wreg
  1146 ;; Tracked objects:
  1147 ;;		On entry : 17F/0
  1148 ;;		On exit  : 17F/20
  1149 ;;		Unchanged: FFE80/0
  1150 ;; Data sizes:     COMMON   BANK0
  1151 ;;      Params:         0       0
  1152 ;;      Locals:         0       0
  1153 ;;      Temps:          0       0
  1154 ;;      Totals:         0       0
  1155 ;;Total ram usage:        0 bytes
  1156 ;; Hardware stack levels used:    1
  1157 ;; Hardware stack levels required when called:    1
  1158 ;; This function calls:
  1159 ;;		Nothing
  1160 ;; This function is called by:
  1161 ;;		_main
  1162 ;; This function uses a non-reentrant model
  1163 ;;
  1164  011E                     _PA3_Level_Change_INITIAL:	
  1165                           
  1166                           ;FT_62F21x_IR.c: 38: TRISA3 =1;
  1167                           
  1168                           ; Regs used in _PA3_Level_Change_INITIAL: [wreg]
  1169  011E  1683               	bsf	3,5	;RP0=1, select bank1
  1170  011F  1585               	bsf	5,3
  1171                           
  1172                           ;FT_62F21x_IR.c: 39: ReadAPin = PORTA;
  1173  0120  1283               	bcf	3,5	;RP0=0, select bank0
  1174  0121  0805               	movf	5,w	;volatile
  1175                           
  1176                           ;FT_62F21x_IR.c: 40: PAIF =0;
  1177  0122  100B               	bcf	11,0
  1178                           
  1179                           ;FT_62F21x_IR.c: 41: IOCA3 =1;
  1180  0123  1683               	bsf	3,5	;RP0=1, select bank1
  1181  0124  1596               	bsf	22,3
  1182                           
  1183                           ;FT_62F21x_IR.c: 42: PAIE =1;
  1184  0125  158B               	bsf	11,3
  1185  0126  0008               	return
  1186  0127                     __end_of_PA3_Level_Change_INITIAL:	
  1187                           
  1188                           	psect	text379
  1189  012F                     __ptext379:	
  1190 ;; =============== function _PA3_Level_Change_INITIAL ends ============
  1191                           
  1192                           
  1193 ;; *************** function _TIMER0_INITIAL *****************
  1194 ;; Defined at:
  1195 ;;		line 19 in file "FT_62F21x_IR.c"
  1196 ;; Parameters:    Size  Location     Type
  1197 ;;		None
  1198 ;; Auto vars:     Size  Location     Type
  1199 ;;		None
  1200 ;; Return value:  Size  Location     Type
  1201 ;;		None               void
  1202 ;; Registers used:
  1203 ;;		wreg
  1204 ;; Tracked objects:
  1205 ;;		On entry : 17F/0
  1206 ;;		On exit  : 17F/0
  1207 ;;		Unchanged: FFE80/0
  1208 ;; Data sizes:     COMMON   BANK0
  1209 ;;      Params:         0       0
  1210 ;;      Locals:         0       0
  1211 ;;      Temps:          0       0
  1212 ;;      Totals:         0       0
  1213 ;;Total ram usage:        0 bytes
  1214 ;; Hardware stack levels used:    1
  1215 ;; Hardware stack levels required when called:    1
  1216 ;; This function calls:
  1217 ;;		Nothing
  1218 ;; This function is called by:
  1219 ;;		_main
  1220 ;; This function uses a non-reentrant model
  1221 ;;
  1222  012F                     _TIMER0_INITIAL:	
  1223                           
  1224                           ;FT_62F21x_IR.c: 20: OPTION = 0B00000011;
  1225                           
  1226                           ; Regs used in _TIMER0_INITIAL: [wreg]
  1227  012F  3003               	movlw	3
  1228  0130  1683               	bsf	3,5	;RP0=1, select bank1
  1229  0131  0081               	movwf	1	;volatile
  1230                           
  1231                           ;FT_62F21x_IR.c: 27: TMR0 = 140;
  1232  0132  308C               	movlw	140
  1233  0133  1283               	bcf	3,5	;RP0=0, select bank0
  1234  0134  0081               	movwf	1	;volatile
  1235                           
  1236                           ;FT_62F21x_IR.c: 28: T0IF = 0;
  1237  0135  110B               	bcf	11,2
  1238  0136  0008               	return
  1239  0137                     __end_of_TIMER0_INITIAL:	
  1240                           
  1241                           	psect	text380
  1242  0106                     __ptext380:	
  1243 ;; =============== function _TIMER0_INITIAL ends ============
  1244                           
  1245                           
  1246 ;; *************** function _POWER_INITIAL *****************
  1247 ;; Defined at:
  1248 ;;		line 105 in file "TEST_FT62F21X_SLEEP.C"
  1249 ;; Parameters:    Size  Location     Type
  1250 ;;		None
  1251 ;; Auto vars:     Size  Location     Type
  1252 ;;		None
  1253 ;; Return value:  Size  Location     Type
  1254 ;;		None               void
  1255 ;; Registers used:
  1256 ;;		wreg, status,2
  1257 ;; Tracked objects:
  1258 ;;		On entry : 17F/0
  1259 ;;		On exit  : 17F/0
  1260 ;;		Unchanged: FFE80/0
  1261 ;; Data sizes:     COMMON   BANK0
  1262 ;;      Params:         0       0
  1263 ;;      Locals:         0       0
  1264 ;;      Temps:          0       0
  1265 ;;      Totals:         0       0
  1266 ;;Total ram usage:        0 bytes
  1267 ;; Hardware stack levels used:    1
  1268 ;; Hardware stack levels required when called:    1
  1269 ;; This function calls:
  1270 ;;		Nothing
  1271 ;; This function is called by:
  1272 ;;		_main
  1273 ;; This function uses a non-reentrant model
  1274 ;;
  1275  0106                     _POWER_INITIAL:	
  1276                           
  1277                           ;TEST_FT62F21X_SLEEP.C: 106: OSCCON = 0X00|0X70|0X00;
  1278                           
  1279                           ; Regs used in _POWER_INITIAL: [wreg+status,2]
  1280  0106  3070               	movlw	112
  1281  0107  1683               	bsf	3,5	;RP0=1, select bank1
  1282  0108  008F               	movwf	15	;volatile
  1283                           
  1284                           ;TEST_FT62F21X_SLEEP.C: 109: INTCON = 0;
  1285  0109  018B               	clrf	11	;volatile
  1286                           
  1287                           ;TEST_FT62F21X_SLEEP.C: 111: PORTA = 0B00000000;
  1288  010A  1283               	bcf	3,5	;RP0=0, select bank0
  1289  010B  0185               	clrf	5	;volatile
  1290                           
  1291                           ;TEST_FT62F21X_SLEEP.C: 112: TRISA = 0B00010000;
  1292  010C  3010               	movlw	16
  1293  010D  1683               	bsf	3,5	;RP0=1, select bank1
  1294  010E  0085               	movwf	5	;volatile
  1295                           
  1296                           ;TEST_FT62F21X_SLEEP.C: 113: WPUA = 0B00000000;
  1297  010F  0195               	clrf	21	;volatile
  1298                           
  1299                           ;TEST_FT62F21X_SLEEP.C: 115: OPTION = 0B00001000;
  1300  0110  3008               	movlw	8
  1301  0111  0081               	movwf	1	;volatile
  1302                           
  1303                           ;TEST_FT62F21X_SLEEP.C: 117: MSCON = 0B00000000;
  1304  0112  1283               	bcf	3,5	;RP0=0, select bank0
  1305  0113  019B               	clrf	27	;volatile
  1306  0114  0008               	return
  1307  0115                     __end_of_POWER_INITIAL:	
  1308                           
  1309                           	psect	text381
  1310  000D                     __ptext381:	
  1311 ;; =============== function _POWER_INITIAL ends ============
  1312                           
  1313                           
  1314 ;; *************** function _ISR *****************
  1315 ;; Defined at:
  1316 ;;		line 34 in file "TEST_FT62F21X_SLEEP.C"
  1317 ;; Parameters:    Size  Location     Type
  1318 ;;		None
  1319 ;; Auto vars:     Size  Location     Type
  1320 ;;		None
  1321 ;; Return value:  Size  Location     Type
  1322 ;;		None               void
  1323 ;; Registers used:
  1324 ;;		wreg, fsr0l, fsr0h, status,2, status,0
  1325 ;; Tracked objects:
  1326 ;;		On entry : 0/0
  1327 ;;		On exit  : 0/0
  1328 ;;		Unchanged: FFEDF/0
  1329 ;; Data sizes:     COMMON   BANK0
  1330 ;;      Params:         0       0
  1331 ;;      Locals:         0       0
  1332 ;;      Temps:          3       0
  1333 ;;      Totals:         3       0
  1334 ;;Total ram usage:        3 bytes
  1335 ;; Hardware stack levels used:    1
  1336 ;; This function calls:
  1337 ;;		Nothing
  1338 ;; This function is called by:
  1339 ;;		Interrupt level 1
  1340 ;; This function uses a non-reentrant model
  1341 ;;
  1342  000D                     _ISR:	
  1343                           
  1344                           ;TEST_FT62F21X_SLEEP.C: 37: if(TMR2IE && TMR2IF)
  1345  000D  1683               	bsf	3,5	;RP0=1, select bank1
  1346  000E  1C8C               	btfss	12,1
  1347  000F  2815               	goto	i1l3341
  1348  0010  1283               	bcf	3,5	;RP0=0, select bank0
  1349  0011  1C8C               	btfss	12,1
  1350  0012  2815               	goto	i1l3341
  1351                           
  1352                           ;TEST_FT62F21X_SLEEP.C: 38: {
  1353                           ;TEST_FT62F21X_SLEEP.C: 39: TMR2IF = 0;
  1354  0013  108C               	bcf	12,1
  1355                           
  1356                           ;TEST_FT62F21X_SLEEP.C: 40: time_15ms_cnt++;
  1357  0014  0AC5               	incf	_time_15ms_cnt,f
  1358  0015                     i1l3341:	
  1359                           
  1360                           ;TEST_FT62F21X_SLEEP.C: 42: }
  1361                           ;TEST_FT62F21X_SLEEP.C: 46: if(T0IE && T0IF)
  1362  0015  1A8B               	btfsc	11,5
  1363  0016  1D0B               	btfss	11,2
  1364  0017  2823               	goto	i1l3357
  1365                           
  1366                           ;TEST_FT62F21X_SLEEP.C: 47: {
  1367                           ;TEST_FT62F21X_SLEEP.C: 48: TMR0 = 140;
  1368  0018  308C               	movlw	140
  1369  0019  1283               	bcf	3,5	;RP0=0, select bank0
  1370  001A  0081               	movwf	1	;volatile
  1371  001B  3033               	movlw	51
  1372                           
  1373                           ;TEST_FT62F21X_SLEEP.C: 50: T0IF = 0;
  1374  001C  110B               	bcf	11,2
  1375                           
  1376                           ;TEST_FT62F21X_SLEEP.C: 51: IRbitTime++;
  1377  001D  0AF1               	incf	_IRbitTime,f
  1378                           
  1379                           ;TEST_FT62F21X_SLEEP.C: 52: if(IRbitTime > 50)
  1380  001E  0271               	subwf	_IRbitTime,w
  1381  001F  1C03               	skipc
  1382  0020  2823               	goto	i1l3357
  1383                           
  1384                           ;TEST_FT62F21X_SLEEP.C: 53: {
  1385                           ;TEST_FT62F21X_SLEEP.C: 54: T0IE = 0;
  1386  0021  128B               	bcf	11,5
  1387                           
  1388                           ;TEST_FT62F21X_SLEEP.C: 55: IRbitTime = 0;
  1389  0022  01F1               	clrf	_IRbitTime
  1390  0023                     i1l3357:	
  1391                           
  1392                           ;TEST_FT62F21X_SLEEP.C: 56: }
  1393                           ;TEST_FT62F21X_SLEEP.C: 57: }
  1394                           ;TEST_FT62F21X_SLEEP.C: 60: if(PAIE && PAIF)
  1395  0023  198B               	btfsc	11,3
  1396  0024  1C0B               	btfss	11,0
  1397  0025  2850               	goto	i1l699
  1398                           
  1399                           ;TEST_FT62F21X_SLEEP.C: 61: {
  1400                           ;TEST_FT62F21X_SLEEP.C: 62: ReadAPin = PORTA;
  1401  0026  1283               	bcf	3,5	;RP0=0, select bank0
  1402  0027  0805               	movf	5,w	;volatile
  1403                           
  1404                           ;TEST_FT62F21X_SLEEP.C: 63: PAIF = 0;
  1405  0028  100B               	bcf	11,0
  1406                           
  1407                           ;TEST_FT62F21X_SLEEP.C: 64: if(RA3 == 0)
  1408  0029  1985               	btfsc	5,3
  1409  002A  2850               	goto	i1l699
  1410  002B  3016               	movlw	22
  1411                           
  1412                           ;TEST_FT62F21X_SLEEP.C: 65: {
  1413                           ;TEST_FT62F21X_SLEEP.C: 66: T0IE = 1;
  1414  002C  168B               	bsf	11,5
  1415                           
  1416                           ;TEST_FT62F21X_SLEEP.C: 67: if(IRbitTime > 21)
  1417  002D  0271               	subwf	_IRbitTime,w
  1418  002E  1C03               	skipc
  1419  002F  2837               	goto	i1l3373
  1420                           
  1421                           ;TEST_FT62F21X_SLEEP.C: 68: {
  1422                           ;TEST_FT62F21X_SLEEP.C: 69: IRDataTimer[0] = 0;
  1423  0030  01C0               	clrf	_IRDataTimer
  1424                           
  1425                           ;TEST_FT62F21X_SLEEP.C: 70: IRDataTimer[1] = 0;
  1426  0031  01C1               	clrf	_IRDataTimer+1
  1427                           
  1428                           ;TEST_FT62F21X_SLEEP.C: 71: IRDataTimer[2] = 0;
  1429  0032  01C2               	clrf	_IRDataTimer+2
  1430                           
  1431                           ;TEST_FT62F21X_SLEEP.C: 72: IRDataTimer[3] = 0;
  1432  0033  01C3               	clrf	_IRDataTimer+3
  1433                           
  1434                           ;TEST_FT62F21X_SLEEP.C: 73: IRbitNum = 0;
  1435  0034  01F0               	clrf	_IRbitNum
  1436                           
  1437                           ;TEST_FT62F21X_SLEEP.C: 74: bitdata = 0x00;
  1438  0035  01FA               	clrf	_bitdata
  1439                           
  1440                           ;TEST_FT62F21X_SLEEP.C: 75: }
  1441  0036  2841               	goto	i1l3377
  1442  0037                     i1l3373:	
  1443                           
  1444                           ;TEST_FT62F21X_SLEEP.C: 76: else if(IRbitTime > 3)
  1445  0037  3004               	movlw	4
  1446  0038  0271               	subwf	_IRbitTime,w
  1447  0039  1C03               	skipc
  1448  003A  2841               	goto	i1l3377
  1449                           
  1450                           ;TEST_FT62F21X_SLEEP.C: 77: {
  1451                           ;TEST_FT62F21X_SLEEP.C: 78: IRDataTimer[IRbitNum-1] |= bitdata;
  1452  003B  0870               	movf	_IRbitNum,w
  1453  003C  3E3F               	addlw	(_IRDataTimer+-1)& (0+255)
  1454  003D  0084               	movwf	4
  1455  003E  087A               	movf	_bitdata,w
  1456  003F  1383               	bcf	3,7	;select IRP bank0
  1457  0040  0480               	iorwf	0,f
  1458  0041                     i1l3377:	
  1459                           
  1460                           ;TEST_FT62F21X_SLEEP.C: 79: }
  1461                           ;TEST_FT62F21X_SLEEP.C: 80: IRbitTime = 0;
  1462  0041  01F1               	clrf	_IRbitTime
  1463                           
  1464                           ;TEST_FT62F21X_SLEEP.C: 81: bitdata<<=1;
  1465  0042  1003               	clrc
  1466  0043  0DFA               	rlf	_bitdata,f
  1467                           
  1468                           ;TEST_FT62F21X_SLEEP.C: 82: if(bitdata == 0)
  1469  0044  08FA               	movf	_bitdata,f
  1470  0045  1D03               	skipz
  1471  0046  284A               	goto	i1l3387
  1472                           
  1473                           ;TEST_FT62F21X_SLEEP.C: 83: {
  1474                           ;TEST_FT62F21X_SLEEP.C: 84: bitdata = 0x01;
  1475  0047  01FA               	clrf	_bitdata
  1476  0048  0AFA               	incf	_bitdata,f
  1477                           
  1478                           ;TEST_FT62F21X_SLEEP.C: 85: IRbitNum++;
  1479  0049  0AF0               	incf	_IRbitNum,f
  1480  004A                     i1l3387:	
  1481                           
  1482                           ;TEST_FT62F21X_SLEEP.C: 86: }
  1483                           ;TEST_FT62F21X_SLEEP.C: 87: if(IRbitNum > 4)
  1484  004A  3005               	movlw	5
  1485  004B  0270               	subwf	_IRbitNum,w
  1486  004C  1C03               	skipc
  1487  004D  2850               	goto	i1l699
  1488                           
  1489                           ;TEST_FT62F21X_SLEEP.C: 88: {
  1490                           ;TEST_FT62F21X_SLEEP.C: 89: IRbitNum = 0;
  1491  004E  01F0               	clrf	_IRbitNum
  1492                           
  1493                           ;TEST_FT62F21X_SLEEP.C: 91: ReceiveFinish = 1;
  1494  004F  128B               	bcf	11,5
  1495  0050                     i1l699:	
  1496  0050  0877               	movf	??_ISR+2,w
  1497  0051  008A               	movwf	10
  1498  0052  0876               	movf	??_ISR+1,w
  1499  0053  0084               	movwf	4
  1500  0054  0E75               	swapf	??_ISR^(0+-128),w
  1501  0055  0083               	movwf	3
  1502  0056  0EFE               	swapf	126,f
  1503  0057  0E7E               	swapf	126,w
  1504  0058  0009               	retfie
  1505  0059                     __end_of_ISR:	
  1506                           
  1507                           	psect	intentry
  1508  0004                     __pintentry:	
  1509                           ; Regs used in _ISR: [wreg-fsr0h+status,2+status,0]
  1510                           
  1511  0004                     interrupt_function:	
  1512  007E                     saved_w	set	btemp
  1513  0004  00FE               	movwf	btemp
  1514  0005  0E03               	swapf	3,w
  1515  0006  00F5               	movwf	??_ISR
  1516  0007  0804               	movf	4,w
  1517  0008  00F6               	movwf	??_ISR+1
  1518  0009  080A               	movf	10,w
  1519  000A  00F7               	movwf	??_ISR+2
  1520  000B  280D               	ljmp	_ISR
  1521                           
  1522                           	psect	text382
  1523  0000                     __ptext382:	
  1524 ;; =============== function _ISR ends ============
  1525                           
  1526  007E                     btemp	set	126	;btemp
  1527  007E                     wtemp0	set	126


HI-TECH Software PICC Macro Assembler V9.83 build 10920 
Symbol Table                                                                                   Wed May 26 15:12:26 2021

                                pc 0002                                 fsr 0004  
                              l702 0000                                _GIE 005F  
                              _RA3 002B                                _ISR 000D  
                              fsr0 0004                                indf 0000  
          __end_of_PWM_MODE_CHANGE 00F7                               S3671 0149  
                             S3673 014D                               S3669 0137  
                             ?_ISR 0075                               l2120 0000  
                             l1400 0000                               l1403 0000  
                             l1412 0000                               l2117 0000  
                             l1406 0000                               l1409 0000  
                             l1444 00F6                               l3401 0000  
                             l3403 0000                               l3411 0000  
                             l3405 0000                               l3413 0000  
                             l3421 0000                               l3501 007C  
                             l3415 0000                               l3407 0000  
                             l3423 0000                               l3431 0000  
                             l3503 007F                               l3511 0082  
                             l2720 0000                               l3409 0000  
                             l3417 0000                               l3425 0000  
                             l3601 0000                               l3419 0000  
                             l3427 0000                               l3451 0000  
                             l3611 0000                               l3429 0000  
                             l3461 0000                               l3453 0000  
                             l3605 0000                               l3471 0000  
                             l3463 0000                               l3455 0000  
                             l3607 0000                               l3615 0000  
                             l3393 0000                               l3473 0000  
                             l3465 0000                               l3457 0000  
                             l3481 0000                               l3633 00C3  
                             l3625 0000                               l3617 00B2  
                             l3395 0000                               l3467 0000  
                             l3459 0000                               l3483 0062  
                             l3475 0000                               l3627 0000  
                             l3619 0000                               l3397 0000  
                             l3469 0000                               l3485 0064  
                             l3493 006A                               l3637 00C7  
                             l3629 00BE                               l3399 0000  
                             l3591 00CE                               l3487 0066  
                             l3479 0000                               l3495 0075  
                             l3593 0000                               l3489 0068  
                             l3595 0000                               l3587 0000  
                             l3589 0000                               l3599 00E2  
                             _P1OE 0090                               _T0IE 005D  
                             _T0IF 005A                               _PAIE 005B  
                             _PAIF 0058                               _PEIE 005E  
                             _PR2H 0092                               _PR2L 0091  
                             _TMR0 0001                               _WPUA 0095  
                             _main 00AE                               btemp 007E  
                             start 000C                              ??_ISR 0075  
                   _TIMER0_INITIAL 012F                              ?_main 0075  
                            _P1BR1 0019                    __end_of___lbmod 00E6  
                            _P1CON 0016                              _P1AUX 001E  
                            _P1POL 0099                              _IOCA3 04B3  
                   _pwm_rate_value 0074                        ?_PWM1_GREEN 0075  
                            i1l699 0050                              _MSCON 001B  
                            _TMR2H 0013                              _TMR2L 0011  
                            _PORTA 0005                              _TRISA 0085  
                      ?_PWM1_WHITE 0075                 __size_of_PWM1_BLUE 0008  
                 __end_of_PWM1_RED 0149                   _pwm_colour_value 0073  
                            pclath 000A                              status 0003  
                            wtemp0 007E   __end_of_PA3_Level_Change_INITIAL 0127  
                     __end_of_main 00CA             __end_of_TIMER0_INITIAL 0137  
                           ??_main 007A                   ?_PWM_MODE_CHANGE 0075  
                           _P1CDTH 001A                             _P1CDTL 0010  
                           _P1DDTH 0009                             _P1DDTL 0008  
                           _T2CON0 0012                             _T2CON1 009E  
                           i1l3341 0015                             i1l3333 0000  
                           i1l3351 0000                             i1l3363 0000  
                           i1l3355 0000                             i1l3347 0000  
                           i1l3339 0000                             i1l3381 0000  
                           i1l3373 0037                             i1l3365 0000  
                           i1l3349 0000                             i1l3357 0023  
                           i1l3391 0000                             i1l3385 0000  
                           i1l3377 0041                             i1l3369 0000  
                           i1l3387 004A                             i1l3379 0000  
                           _INTCON 000B                             _OSCCON 008F  
                           _TMR2IE 0461                             _TMR2IF 0061  
                           _OPTION 0081                             _TMR2ON 0092  
                           _TRISA3 042B          __size_of_PWM1_RATE_CHANGE 0035  
              __size_of_PWM1_GREEN 0006                __size_of_PWM1_WHITE 0009  
                __end_of_PWM1_BLUE 012F                    ?_TIMER0_INITIAL 0075  
                        ??___lbmod 0079                       __pdataCOMMON 007A  
                           saved_w 007E              __end_of_POWER_INITIAL 0115  
                  ___lbmod@divisor 0078                    ___lbmod@counter 0047  
                   __pcstackCOMMON 0075           _PA3_Level_Change_INITIAL 011E  
                        ?_PWM1_RED 0075                         __pbssBANK0 0040  
                       __pmaintext 00AE                         ??_PWM1_RED 0078  
                       __pintentry 0004                       ??_PWM1_GREEN 0078  
                     ??_PWM1_WHITE 0078                      ?_PWM1_INITIAL 0075  
                 _PWM1_RATE_CHANGE 0059                 __end_of_PWM1_GREEN 0143  
               __end_of_PWM1_WHITE 011E                            ___lbmod 00CA  
                          _bitdata 007A                       __size_of_ISR 004C  
                   ??_PWM1_INITIAL 0078               end_of_initialization 0104  
                 ??_TIMER0_INITIAL 0078                          _PWM1_BLUE 0127  
                 ___lbmod@dividend 0046                          _IRbitTime 0071  
                      ___lbmod@rem 0048         ??_PA3_Level_Change_INITIAL 0078  
         __size_of_PWM_MODE_CHANGE 0011          PWM1_RATE_CHANGE@pwm_value 0078  
                       ?_PWM1_BLUE 0075                      __pidataCOMMON 0000  
                __size_of_PWM1_RED 0006                start_initialization 00F7  
                      __end_of_ISR 0059               __end_of_PWM1_INITIAL 00AE  
           __size_of_POWER_INITIAL 000F           __end_of_PWM1_RATE_CHANGE 008E  
                      __pbssCOMMON 0070                      __pcstackBANK0 0046  
                    _time_15ms_cnt 0045                          __ptext370 00E6  
                        __ptext371 0059                          __ptext380 0106  
                        __ptext372 008E                          __ptext381 000D  
                        __ptext373 00CA                          __ptext382 0000  
                        __ptext374 0115                          __ptext375 0127  
                        __ptext376 013D                          __ptext377 0143  
                        __ptext378 011E                          __ptext379 012F  
                         ?___lbmod 0078                  ??_PWM_MODE_CHANGE 007A  
                      ??_PWM1_BLUE 0078                          __pswtext1 0137  
                        __pswtext2 0149                          __pswtext3 014D  
                interrupt_function 0004                      _POWER_INITIAL 0106  
                         _PWM1_RED 0143                           _IRbitNum 0070  
                   ?_POWER_INITIAL 0075              __size_of_PWM1_INITIAL 0020  
                 __size_of___lbmod 001C                   _ft_user_pwm_mode 0072  
                      _key_release 0044                       _PWM1_INITIAL 008E  
                    __size_of_main 001C                        _IRDataTimer 0040  
__size_of_PA3_Level_Change_INITIAL 0009            __size_of_TIMER0_INITIAL 0008  
        ?_PA3_Level_Change_INITIAL 0075                  ?_PWM1_RATE_CHANGE 0075  
               ??_PWM1_RATE_CHANGE 0078                    ??_POWER_INITIAL 0078  
                         intlevel1 0000                    _PWM_MODE_CHANGE 00E6  
                       _PWM1_GREEN 013D                         _PWM1_WHITE 0115  
