HI-TECH Software C Compiler 

Linker command line:

--edf=c:\program files (x86)\fmd\fmdide\data\dat\en_msgs.txt -cs \
  -h+test_ft62f21x_sleep.sym -z -Q16F684 -ol.obj -Mtest_ft62f21x_sleep.map \
  -E1 -ACONST=00h-0FFhx4 -ACODE=00h-03FFh -ASTRCODE=00h-03FFh \
  -AENTRY=00h-0FFhx4 -ASTRING=00h-0FFhx4 -ABANK0=040h-06Fh -ARAM=040h-06Fh \
  -AABS1=040h-07Fh -ACOMMON=070h-07Fh -ASFR0=00h-03Fh -ASFR1=080h-0EFh \
  -preset_vec=00h,intentry=04h,init,end_init -ppowerup=CODE -pfunctab=CODE \
  -ACONFIG=02007h-02007h -pconfig=CONFIG -DCONFIG=2 -AIDLOC=02000h-02003h \
  -pidloc=IDLOC -DIDLOC=2 -AEEDATA=00h-07Fh/02100h -peeprom_data=EEDATA \
  -DEEDATA=2 -DCODE=2 -DSTRCODE=2 -DSTRING=2 -DCONST=2 -DENTRY=2 -k \
  startup.obj test_ft62f21x_sleep.obj 

Object code version is 3.10

Machine type is 16F684



                Name                               Link     Load   Length Selector   Space Scale
startup.obj     end_init                              C        C        1        8       0
                reset_vec                             0        0        1        0       0
test_ft62f21x_sleep.obj
                intentry                              4        4        8        8       0
                text634                              8E       8E       4E        8       0
                text633                             277      277        F      3EA       0
                text632                             2F4      2F4        3      5E8       0
                text631                             2D3      2D3        8      566       0
                text630                             29A      29A        9      522       0
                swtext6                             2F0      2F0        4      5C4       0
                text629                             1F5      1F5       24      3EA       0
                text628                             2CB      2CB        8      566       0
                text627                             2C3      2C3        8      566       0
                text626                             2BB      2BB        8      566       0
                text625                             2B3      2B3        8      566       0
                text624                             239      239       1C      3EA       0
                text623                             219      219       20      3EA       0
                swtext5                             2EC      2EC        4      5C4       0
                swtext4                             2E8      2E8        4      5C4       0
                text622                             163      163       35        8       0
                swtext3                             2E2      2E2        6      5C4       0
                text621                             198      198       31        8       0
                swtext2                             286      286        B      50C       0
                text620                             121      121       42        8       0
                text619                             291      291        9      522       0
                text618                             2DB      2DB        7      566       0
                text617                             266      266       11      3EA       0
                swtext1                             2AB      2AB        8      556       0
                text616                              DC       DC       45        8       0
                maintext                              D        D       81        8       0
                cstackBANK0                          4F       4F        3       40       1
                cstackCOMMON                         70       70        7       70       1
                clrtext                             2A3      2A3        8      522       0
                dataBANK0                            4C       4C        3       40       1
                bssBANK0                             40       40        C       40       1
                dataCOMMON                           7A       7A        1       70       1
                bssCOMMON                            77       77        3       70       1
                cinit                               255      255       11      3EA       0
                strings                             1C9      1C9       2C      392       0

TOTAL           Name                               Link     Load   Length     Space
        CLASS   CONST          
                swtext6                             2F0      2F0        4         0
                swtext5                             2EC      2EC        4         0
                swtext4                             2E8      2E8        4         0
                swtext3                             2E2      2E2        6         0
                swtext2                             286      286        B         0
                swtext1                             2AB      2AB        8         0

        CLASS   CODE           
                end_init                              C        C        1         0
                intentry                              4        4        8         0
                reset_vec                             0        0        1         0
                text634                              8E       8E       4E         0
                text633                             277      277        F         0
                text632                             2F4      2F4        3         0
                text631                             2D3      2D3        8         0
                text630                             29A      29A        9         0
                text629                             1F5      1F5       24         0
                text628                             2CB      2CB        8         0
                text627                             2C3      2C3        8         0
                text626                             2BB      2BB        8         0
                text625                             2B3      2B3        8         0
                text624                             239      239       1C         0
                text623                             219      219       20         0
                text622                             163      163       35         0
                text621                             198      198       31         0
                text620                             121      121       42         0
                text619                             291      291        9         0
                text618                             2DB      2DB        7         0
                text617                             266      266       11         0
                text616                              DC       DC       45         0
                maintext                              D        D       81         0
                clrtext                             2A3      2A3        8         0
                cinit                               255      255       11         0

        CLASS   STRCODE        

        CLASS   ENTRY          

        CLASS   STRING         
                strings                             1C9      1C9       2C         0

        CLASS   BANK0          
                cstackBANK0                          4F       4F        3         1
                dataBANK0                            4C       4C        3         1
                bssBANK0                             40       40        C         1

        CLASS   RAM            

        CLASS   ABS1           
                abs_s1                               7E       7E        2         1

        CLASS   COMMON         
                cstackCOMMON                         70       70        7         1
                dataCOMMON                           7A       7A        1         1
                bssCOMMON                            77       77        3         1

        CLASS   SFR0           

        CLASS   SFR1           

        CLASS   CONFIG         

        CLASS   IDLOC          

        CLASS   EEDATA         

        CLASS   BANK1          



SEGMENTS        Name                           Load    Length   Top    Selector   Space  Class     Delta

                reset_vec                      000000  000001  000001         0       0  CODE        2
                intentry                       000004  0001C5  0001C9         8       0  CODE        2
                bssBANK0                       000040  000012  000052        40       1  BANK0       1
                cstackCOMMON                   000070  00000B  00007B        70       1  COMMON      1
                strings                        0001C9  00002C  0001F5       392       0  STRING      2
                text629                        0001F5  000091  000286       3EA       0  CODE        2
                swtext2                        000286  00000B  000291       50C       0  CONST       2
                text619                        000291  00001A  0002AB       522       0  CODE        2
                swtext1                        0002AB  000008  0002B3       556       0  CONST       2
                text625                        0002B3  00002F  0002E2       566       0  CODE        2
                swtext3                        0002E2  000012  0002F4       5C4       0  CONST       2
                text632                        0002F4  000003  0002F7       5E8       0  CODE        2


UNUSED ADDRESS RANGES

        Name                Unused          Largest block    Delta
        BANK0            052-06F            1E           1
        CODE             001-003             3           2
                         2F7-3FF           109
        COMMON           07B-07D             3           1
        CONFIG           2007-2007             1           2
        CONST            001-003             3           2
                         2F7-3FF             9
        EEDATA           2100-217F            80           2
        ENTRY            001-003             3           2
                         2F7-3FF             9
        IDLOC            2000-2003             4           2
        RAM              052-06F            1E           1
        SFR0             000-03F            40           1
        SFR1             080-0EF            70           1
        STRCODE          001-003             3           2
                         2F7-3FF           109
        STRING           001-003             3           2
                         2F7-3FF             9

                                  Symbol Table

??_DelayMs                         cstackCOMMON 075
??_DelayUs                         cstackCOMMON 073
??_ISR                             cstackCOMMON 070
??_JUMP_MODE_CHANGE                cstackCOMMON 073
??_MIX_MODE_CHANGE                 cstackCOMMON 075
??_PA3_Level_Change_INITIAL        cstackCOMMON 073
??_POWER_INITIAL                   cstackCOMMON 073
??_PWM1_BLUE                       cstackCOMMON 073
??_PWM1_GREEN                      cstackCOMMON 073
??_PWM1_INITIAL                    cstackCOMMON 073
??_PWM1_RATE_CHANGE                cstackCOMMON 073
??_PWM1_RED                        cstackCOMMON 073
??_PWM1_WHITE                      cstackCOMMON 073
??_PWM_MODE_CHANGE                 cstackCOMMON 075
??_PWM_MODE_REFRESH                cstackCOMMON 073
??_SET_MODE_REFRESH                cstackCOMMON 075
??_TIMER0_INITIAL                  cstackCOMMON 073
??___lbmod                         cstackCOMMON 074
??_main                            cstackCOMMON 075
??_reset_led_status                cstackCOMMON 073
?_DelayMs                          cstackCOMMON 070
?_DelayUs                          cstackCOMMON 070
?_ISR                              cstackCOMMON 070
?_JUMP_MODE_CHANGE                 cstackCOMMON 070
?_MIX_MODE_CHANGE                  cstackCOMMON 070
?_PA3_Level_Change_INITIAL         cstackCOMMON 070
?_POWER_INITIAL                    cstackCOMMON 070
?_PWM1_BLUE                        cstackCOMMON 070
?_PWM1_GREEN                       cstackCOMMON 070
?_PWM1_INITIAL                     cstackCOMMON 070
?_PWM1_RATE_CHANGE                 cstackCOMMON 070
?_PWM1_RED                         cstackCOMMON 070
?_PWM1_WHITE                       cstackCOMMON 070
?_PWM_MODE_CHANGE                  cstackCOMMON 070
?_PWM_MODE_REFRESH                 cstackCOMMON 070
?_SET_MODE_REFRESH                 cstackCOMMON 070
?_TIMER0_INITIAL                   cstackCOMMON 070
?___lbmod                          cstackCOMMON 073
?_main                             cstackCOMMON 070
?_reset_led_status                 cstackCOMMON 070
DelayMs@Time                       cstackBANK0  04F
DelayMs@a                          cstackBANK0  050
DelayMs@b                          cstackBANK0  051
DelayUs@Time                       cstackCOMMON 073
DelayUs@a                          cstackCOMMON 074
PWM1_RATE_CHANGE@pwm_value         cstackCOMMON 073
_DelayMs                           text617      266
_DelayUs                           text619      291
_GIE                               (abs)        05F
_INTCON                            (abs)        00B
_IOCA3                             (abs)        4B3
_IRDataTimer                       bssBANK0     040
_IRbitNum                          bssBANK0     044
_IRbitTime                         bssBANK0     045
_ISR                               text634      08E
_JUMP_MODE_CHANGE                  text629      1F5
_MIX_MODE_CHANGE                   text621      198
_MSCON                             (abs)        01B
_OPTION                            (abs)        081
_OSCCON                            (abs)        08F
_P1AUX                             (abs)        01E
_P1BR1                             (abs)        019
_P1CDTH                            (abs)        01A
_P1CDTL                            (abs)        010
_P1CON                             (abs)        016
_P1DDTH                            (abs)        009
_P1DDTL                            (abs)        008
_P1OE                              (abs)        090
_P1POL                             (abs)        099
_PA3_Level_Change_INITIAL          text630      29A
_PAIE                              (abs)        05B
_PAIF                              (abs)        058
_PEIE                              (abs)        05E
_PORTA                             (abs)        005
_POWER_INITIAL                     text633      277
_PR2H                              (abs)        092
_PR2L                              (abs)        091
_PWM1_BLUE                         text626      2BB
_PWM1_GREEN                        text627      2C3
_PWM1_INITIAL                      text623      219
_PWM1_RATE_CHANGE                  text622      163
_PWM1_RED                          text628      2CB
_PWM1_WHITE                        text625      2B3
_PWM_MODE_CHANGE                   text618      2DB
_PWM_MODE_REFRESH                  text620      121
_RA3                               (abs)        02B
_ReceiveFinish                     bssBANK0     046
_SET_MODE_REFRESH                  text616      0DC
_T0IE                              (abs)        05D
_T0IF                              (abs)        05A
_T2CON0                            (abs)        012
_T2CON1                            (abs)        09E
_TIMER0_INITIAL                    text631      2D3
_TMR0                              (abs)        001
_TMR2H                             (abs)        013
_TMR2IE                            (abs)        461
_TMR2IF                            (abs)        061
_TMR2L                             (abs)        011
_TMR2ON                            (abs)        092
_TRISA                             (abs)        085
_TRISA3                            (abs)        42B
_WPUA                              (abs)        095
__Habs1                            abs1         000
__Hbank0                           bank0        000
__Hbank1                           bank1        000
__HbssBANK0                        bssBANK0     000
__HbssCOMMON                       bssCOMMON    000
__Hcinit                           cinit        000
__Hclrtext                         clrtext      000
__Hcode                            code         000
__Hcommon                          common       000
__Hconfig                          config       000
__HcstackBANK0                     cstackBANK0  000
__HcstackCOMMON                    cstackCOMMON 000
__HdataBANK0                       dataBANK0    000
__HdataCOMMON                      dataCOMMON   000
__Heeprom_data                     eeprom_data  000
__Hend_init                        end_init     00D
__Hfunctab                         functab      000
__HidataBANK0                      idataBANK0   000
__HidataCOMMON                     idataCOMMON  000
__Hidloc                           idloc        000
__Hinit                            init         00C
__Hintentry                        intentry     00C
__Hmaintext                        maintext     000
__Hpa_nodes                        pa_nodes     000
__Hpowerup                         powerup      000
__Hram                             ram          000
__Hreset_vec                       reset_vec    001
__Hsfr0                            sfr0         000
__Hsfr1                            sfr1         000
__Hstrings                         strings      000
__Htext                            text         000
__Labs1                            abs1         000
__Lbank0                           bank0        000
__Lbank1                           bank1        000
__LbssBANK0                        bssBANK0     000
__LbssCOMMON                       bssCOMMON    000
__Lcinit                           cinit        000
__Lclrtext                         clrtext      000
__Lcode                            code         000
__Lcommon                          common       000
__Lconfig                          config       000
__LcstackBANK0                     cstackBANK0  000
__LcstackCOMMON                    cstackCOMMON 000
__LdataBANK0                       dataBANK0    000
__LdataCOMMON                      dataCOMMON   000
__Leeprom_data                     eeprom_data  000
__Lend_init                        end_init     00C
__Lfunctab                         functab      000
__LidataBANK0                      idataBANK0   000
__LidataCOMMON                     idataCOMMON  000
__Lidloc                           idloc        000
__Linit                            init         00C
__Lintentry                        intentry     004
__Lmaintext                        maintext     000
__Lpa_nodes                        pa_nodes     000
__Lpowerup                         powerup      000
__Lram                             ram          000
__Lreset_vec                       reset_vec    000
__Lsfr0                            sfr0         000
__Lsfr1                            sfr1         000
__Lstrings                         strings      000
__Ltext                            text         000
__S0                               (abs)        2F7
__S1                               (abs)        07B
__S2                               (abs)        000
___lbmod                           text624      239
___lbmod@counter                   cstackBANK0  050
___lbmod@dividend                  cstackBANK0  04F
___lbmod@divisor                   cstackCOMMON 073
___lbmod@rem                       cstackBANK0  051
__end_of_DelayMs                   text617      277
__end_of_DelayUs                   text619      29A
__end_of_ISR                       text634      0DC
__end_of_JUMP_MODE_CHANGE          text629      219
__end_of_MIX_MODE_CHANGE           text621      1BD
__end_of_PA3_Level_Change_INITIAL  text630      2A3
__end_of_POWER_INITIAL             text633      286
__end_of_PWM1_BLUE                 text626      2C3
__end_of_PWM1_GREEN                text627      2CB
__end_of_PWM1_INITIAL              text623      239
__end_of_PWM1_RATE_CHANGE          text622      198
__end_of_PWM1_RED                  text628      2D3
__end_of_PWM1_WHITE                text625      2BB
__end_of_PWM_MODE_CHANGE           text618      2E2
__end_of_PWM_MODE_REFRESH          text620      163
__end_of_SET_MODE_REFRESH          text616      121
__end_of_TIMER0_INITIAL            text631      2DB
__end_of___lbmod                   text624      255
__end_of_main                      maintext     08E
__end_of_reset_led_status          text632      2F7
__pbssBANK0                        bssBANK0     040
__pbssCOMMON                       bssCOMMON    077
__pcstackBANK0                     cstackBANK0  04F
__pcstackCOMMON                    cstackCOMMON 070
__pdataBANK0                       dataBANK0    04C
__pdataCOMMON                      dataCOMMON   07A
__pidataBANK0                      idataBANK0   000
__pidataCOMMON                     idataCOMMON  000
__pintentry                        intentry     004
__pmaintext                        maintext     00D
__pstrings                         strings      1C9
__pswtext1                         swtext1      2AB
__pswtext2                         swtext2      286
__pswtext3                         swtext3      2E2
__pswtext4                         swtext4      2E8
__pswtext5                         swtext5      2EC
__pswtext6                         swtext6      2F0
__ptext616                         text616      0DC
__ptext617                         text617      266
__ptext618                         text618      2DB
__ptext619                         text619      291
__ptext620                         text620      121
__ptext621                         text621      198
__ptext622                         text622      163
__ptext623                         text623      219
__ptext624                         text624      239
__ptext625                         text625      2B3
__ptext626                         text626      2BB
__ptext627                         text627      2C3
__ptext628                         text628      2CB
__ptext629                         text629      1F5
__ptext630                         text630      29A
__ptext631                         text631      2D3
__ptext632                         text632      2F4
__ptext633                         text633      277
__ptext634                         text634      08E
__ptext635                         text635      000
__size_of_DelayMs                  (abs)        000
__size_of_DelayUs                  (abs)        000
__size_of_ISR                      (abs)        000
__size_of_JUMP_MODE_CHANGE         (abs)        000
__size_of_MIX_MODE_CHANGE          (abs)        000
__size_of_PA3_Level_Change_INITIAL (abs)        000
__size_of_POWER_INITIAL            (abs)        000
__size_of_PWM1_BLUE                (abs)        000
__size_of_PWM1_GREEN               (abs)        000
__size_of_PWM1_INITIAL             (abs)        000
__size_of_PWM1_RATE_CHANGE         (abs)        000
__size_of_PWM1_RED                 (abs)        000
__size_of_PWM1_WHITE               (abs)        000
__size_of_PWM_MODE_CHANGE          (abs)        000
__size_of_PWM_MODE_REFRESH         (abs)        000
__size_of_SET_MODE_REFRESH         (abs)        000
__size_of_TIMER0_INITIAL           (abs)        000
__size_of___lbmod                  (abs)        000
__size_of_main                     (abs)        000
__size_of_reset_led_status         (abs)        000
_bitdata                           dataBANK0    04C
_exit                              init         00C
_ft_user_pwm_mode                  bssCOMMON    077
_ft_user_set_mode                  bssBANK0     047
_ir_key_value                      strings      1CF
_jump_led_rate                     dataCOMMON   07A
_key_release                       bssBANK0     048
_main                              maintext     00D
_power_off_flag                    bssBANK0     049
_power_off_mode_backup             dataBANK0    04D
_pwm_colour_value                  bssCOMMON    078
_pwm_rate_value                    bssCOMMON    079
_reset_led_status                  text632      2F4
_set_time_mode_backup              dataBANK0    04E
_time_15ms_cnt                     bssBANK0     04A
_time_2s_cnt                       bssBANK0     04B
btemp                              (abs)        07E
clear_ram                          clrtext      2A3
end_of_initialization              cinit        264
i1l3783                                            
i1l3789                                            
i1l3797                                            
i1l3799                                            
i1l3801                                            
i1l3805                                            
i1l3813                                            
i1l3815                                            
i1l3819                                            
i1l3829                                            
i1l3831                                            
i1l3835                                            
i1l3841                                            
i1l3843                                            
interrupt_function                 intentry     004
intlevel0                          functab      000
intlevel1                          functab      000
intlevel2                          functab      000
intlevel3                          functab      000
intlevel4                          functab      000
intlevel5                          functab      000
l1434                                              
l1437                                              
l1440                                              
l1443                                              
l1446                                              
l1479                                              
l1497                                              
l1505                                              
l2217                                              
l2220                                              
l2820                                              
l3845                                              
l3847                                              
l3849                                              
l3851                                              
l3853                                              
l3855                                              
l3857                                              
l3859                                              
l3861                                              
l3863                                              
l3865                                              
l3867                                              
l3869                                              
l3871                                              
l3873                                              
l3877                                              
l3889                                              
l3901                                              
l3903                                              
l3905                                              
l3907                                              
l3909                                              
l3911                                              
l3913                                              
l3915                                              
l3917                                              
l3937                                              
l3939                                              
l3941                                              
l3943                                              
l3945                                              
l3947                                              
l3949                                              
l3951                                              
l3953                                              
l3955                                              
l3957                                              
l3959                                              
l3961                                              
l3965                                              
l3967                                              
l4037                                              
l4039                                              
l4041                                              
l4047                                              
l4063                                              
l4075                                              
l4081                                              
l4377                                              
l4379                                              
l4383                                              
l4385                                              
l4391                                              
l4395                                              
l4397                                              
l4405                                              
l4409                                              
l4423                                              
l4425                                              
l4429                                              
l4431                                              
l4433                                              
l4435                                              
l4445                                              
l4447                                              
l4453                                              
l4473                                              
l4475                                              
l4479                                              
l4485                                              
l4489                                              
l4493                                              
l4501                                              
l4505                                              
l4513                                              
l4515                                              
l4523                                              
l4527                                              
l4537                                              
l4541                                              
l4553                                              
l4559                                              
l4569                                              
l4587                                              
l4591                                              
l4595                                              
l720                                               
l723                                               
main@i                             cstackCOMMON 075
main@temp_mode                     cstackCOMMON 076
reset_vec                          reset_vec    000
saved_w                            (abs)        07E
start                              init         00C
start_initialization               cinit        255
wtemp0                             (abs)        07E
