HI-TECH Software C Compiler 

Linker command line:

--edf=c:\program files (x86)\fmd\fmdide\data\dat\en_msgs.txt -cs \
  -h+test_ft62f21x_sleep.sym -z -Q16F684 -ol.obj -Mtest_ft62f21x_sleep.map \
  -E1 -ACONST=00h-0FFhx4 -ACODE=00h-03FFh -ASTRCODE=00h-03FFh \
  -AENTRY=00h-0FFhx4 -ASTRING=00h-0FFhx4 -ABANK0=040h-06Fh -ARAM=040h-06Fh \
  -AABS1=040h-07Fh -ACOMMON=070h-07Fh -ASFR0=00h-03Fh -ASFR1=080h-0EFh \
  -preset_vec=00h,intentry=04h,init,end_init -ppowerup=CODE -pfunctab=CODE \
  -ACONFIG=02007h-02007h -pconfig=CONFIG -DCONFIG=2 -AIDLOC=02000h-02003h \
  -pidloc=IDLOC -DIDLOC=2 -AEEDATA=00h-07Fh/02100h -peeprom_data=EEDATA \
  -DEEDATA=2 -DCODE=2 -DSTRCODE=2 -DSTRING=2 -DCONST=2 -DENTRY=2 -k \
  startup.obj test_ft62f21x_sleep.obj 

Object code version is 3.10

Machine type is 16F684



                Name                               Link     Load   Length Selector   Space Scale
startup.obj     end_init                              C        C        1        8       0
                reset_vec                             0        0        1        0       0
test_ft62f21x_sleep.obj
                intentry                              4        4        8        8       0
                text660                             195      195       4F        8       0
                text659                             368      368        F      5DC       0
                text658                             3FC      3FC        3      7F8       0
                text657                             3D4      3D4        8      7A8       0
                text656                             3BB      3BB        9      71C       0
                swtext9                             3F8      3F8        4      7B8       0
                text655                             2EE      2EE       24      5DC       0
                text654                             3B2      3B2        9      71C       0
                text653                             3A9      3A9        9      71C       0
                text652                             3A0      3A0        9      71C       0
                text651                             397      397        9      71C       0
                text650                             312      312       1C      5DC       0
                text649                             25E      25E       33        8       0
                text648                             32E      32E       1A      5DC       0
                swtext8                             3F4      3F4        4      7B8       0
                swtext7                             3F0      3F0        4      7B8       0
                text647                             227      227       37        8       0
                swtext6                             3E2      3E2        6      7B8       0
                text646                             291      291       31        8       0
                swtext5                             383      383        B      706       0
                text645                             1E4      1E4       43        8       0
                text644                             38E      38E        9      71C       0
                text643                             358      358       10      5DC       0
                text642                             377      377        C      5DC       0
                swtext4                             3CC      3CC        8      798       0
                swtext3                             3DC      3DC        6      7B8       0
                swtext2                             3EC      3EC        4      7B8       0
                swtext1                             3E8      3E8        4      7B8       0
                text641                               D        D       E1        8       0
                maintext                             EE       EE       A7        8       0
                cstackBANK0                          54       54        D       40       1
                cstackCOMMON                         70       70        8       70       1
                clrtext                             3C4      3C4        8      71C       0
                dataBANK0                            61       61        2       40       1
                bssBANK0                             40       40       14       40       1
                dataCOMMON                           78       78        2       70       1
                bssCOMMON                            7A       7A        1       70       1
                cinit                               348      348       10      5DC       0
                strings                             2C2      2C2       2C      584       0

TOTAL           Name                               Link     Load   Length     Space
        CLASS   CONST          
                swtext9                             3F8      3F8        4         0
                swtext8                             3F4      3F4        4         0
                swtext7                             3F0      3F0        4         0
                swtext6                             3E2      3E2        6         0
                swtext5                             383      383        B         0
                swtext4                             3CC      3CC        8         0
                swtext3                             3DC      3DC        6         0
                swtext2                             3EC      3EC        4         0
                swtext1                             3E8      3E8        4         0

        CLASS   CODE           
                end_init                              C        C        1         0
                intentry                              4        4        8         0
                reset_vec                             0        0        1         0
                text660                             195      195       4F         0
                text659                             368      368        F         0
                text658                             3FC      3FC        3         0
                text657                             3D4      3D4        8         0
                text656                             3BB      3BB        9         0
                text655                             2EE      2EE       24         0
                text654                             3B2      3B2        9         0
                text653                             3A9      3A9        9         0
                text652                             3A0      3A0        9         0
                text651                             397      397        9         0
                text650                             312      312       1C         0
                text649                             25E      25E       33         0
                text648                             32E      32E       1A         0
                text647                             227      227       37         0
                text646                             291      291       31         0
                text645                             1E4      1E4       43         0
                text644                             38E      38E        9         0
                text643                             358      358       10         0
                text642                             377      377        C         0
                text641                               D        D       E1         0
                maintext                             EE       EE       A7         0
                clrtext                             3C4      3C4        8         0
                cinit                               348      348       10         0

        CLASS   STRCODE        

        CLASS   ENTRY          

        CLASS   STRING         
                strings                             2C2      2C2       2C         0

        CLASS   BANK0          
                cstackBANK0                          54       54        D         1
                dataBANK0                            61       61        2         1
                bssBANK0                             40       40       14         1

        CLASS   RAM            

        CLASS   ABS1           
                abs_s1                               7E       7E        2         1

        CLASS   COMMON         
                cstackCOMMON                         70       70        8         1
                dataCOMMON                           78       78        2         1
                bssCOMMON                            7A       7A        1         1

        CLASS   SFR0           

        CLASS   SFR1           

        CLASS   CONFIG         

        CLASS   IDLOC          

        CLASS   EEDATA         

        CLASS   BANK1          



SEGMENTS        Name                           Load    Length   Top    Selector   Space  Class     Delta

                reset_vec                      000000  000001  000001         0       0  CODE        2
                intentry                       000004  0002BE  0002C2         8       0  CODE        2
                bssBANK0                       000040  000023  000063        40       1  BANK0       1
                cstackCOMMON                   000070  00000B  00007B        70       1  COMMON      1
                strings                        0002C2  00002C  0002EE       584       0  STRING      2
                text655                        0002EE  000095  000383       5DC       0  CODE        2
                swtext5                        000383  00000B  00038E       706       0  CONST       2
                text644                        00038E  00003E  0003CC       71C       0  CODE        2
                swtext4                        0003CC  000008  0003D4       798       0  CONST       2
                text657                        0003D4  000008  0003DC       7A8       0  CODE        2
                swtext3                        0003DC  000020  0003FC       7B8       0  CONST       2
                text658                        0003FC  000003  0003FF       7F8       0  CODE        2


UNUSED ADDRESS RANGES

        Name                Unused          Largest block    Delta
        BANK0            063-06F             D           1
        CODE             001-003             3           2
                         3FF-3FF             1
        COMMON           07B-07D             3           1
        CONFIG           2007-2007             1           2
        CONST            001-003             3           2
                         3FF-3FF             1
        EEDATA           2100-217F            80           2
        ENTRY            001-003             3           2
                         3FF-3FF             1
        IDLOC            2000-2003             4           2
        RAM              063-06F             D           1
        SFR0             000-03F            40           1
        SFR1             080-0EF            70           1
        STRCODE          001-003             3           2
                         3FF-3FF             1
        STRING           001-003             3           2
                         3FF-3FF             1

                                  Symbol Table

??_DelayMs                         cstackCOMMON 075
??_DelayUs                         cstackCOMMON 073
??_ISR                             cstackCOMMON 070
??_JUMP_MODE_CHANGE                cstackCOMMON 073
??_MIX_MODE_CHANGE                 cstackCOMMON 078
??_PA3_Level_Change_INITIAL        cstackCOMMON 073
??_POWER_INITIAL                   cstackCOMMON 073
??_PWM1_BLUE                       cstackCOMMON 073
??_PWM1_GREEN                      cstackCOMMON 073
??_PWM1_INITIAL                    cstackCOMMON 073
??_PWM1_RATE_CHANGE                cstackCOMMON 073
??_PWM1_RED                        cstackCOMMON 073
??_PWM1_WHITE                      cstackCOMMON 073
??_PWM_MODE_CHANGE                 cstackCOMMON 073
??_PWM_MODE_REFRESH                cstackCOMMON 073
??_SET_MODE_REFRESH                cstackCOMMON 078
??_TIMER0_INITIAL                  cstackCOMMON 073
??___lbmod                         cstackCOMMON 074
??___lmul                          cstackCOMMON 073
??_main                            cstackBANK0  05C
??_reset_led_status                cstackCOMMON 073
?_DelayMs                          cstackCOMMON 070
?_DelayUs                          cstackCOMMON 070
?_ISR                              cstackCOMMON 070
?_JUMP_MODE_CHANGE                 cstackCOMMON 070
?_MIX_MODE_CHANGE                  cstackCOMMON 070
?_PA3_Level_Change_INITIAL         cstackCOMMON 070
?_POWER_INITIAL                    cstackCOMMON 070
?_PWM1_BLUE                        cstackCOMMON 070
?_PWM1_GREEN                       cstackCOMMON 070
?_PWM1_INITIAL                     cstackCOMMON 070
?_PWM1_RATE_CHANGE                 cstackCOMMON 070
?_PWM1_RED                         cstackCOMMON 070
?_PWM1_WHITE                       cstackCOMMON 070
?_PWM_MODE_CHANGE                  cstackCOMMON 070
?_PWM_MODE_REFRESH                 cstackCOMMON 070
?_SET_MODE_REFRESH                 cstackCOMMON 070
?_TIMER0_INITIAL                   cstackCOMMON 070
?___lbmod                          cstackCOMMON 073
?___lmul                           cstackBANK0  054
?_main                             cstackCOMMON 070
?_reset_led_status                 cstackCOMMON 070
DelayMs@Time                       cstackCOMMON 075
DelayMs@a                          cstackCOMMON 076
DelayMs@b                          cstackCOMMON 077
DelayUs@Time                       cstackCOMMON 073
DelayUs@a                          cstackCOMMON 074
PWM1_RATE_CHANGE@pwm_value         cstackCOMMON 073
_DelayMs                           text643      358
_DelayUs                           text644      38E
_GIE                               (abs)        05F
_INTCON                            (abs)        00B
_IOCA3                             (abs)        4B3
_IRDataTimer                       bssBANK0     040
_IRbitNum                          bssBANK0     048
_IRbitTime                         bssBANK0     049
_ISR                               text660      195
_JUMP_MODE_CHANGE                  text655      2EE
_MIX_MODE_CHANGE                   text646      291
_MSCON                             (abs)        01B
_OPTION                            (abs)        081
_OSCCON                            (abs)        08F
_P1AUX                             (abs)        01E
_P1BR1                             (abs)        019
_P1CDTL                            (abs)        010
_P1CON                             (abs)        016
_P1DDTL                            (abs)        008
_P1OE                              (abs)        090
_P1POL                             (abs)        099
_PA3_Level_Change_INITIAL          text656      3BB
_PAIE                              (abs)        05B
_PAIF                              (abs)        058
_PEIE                              (abs)        05E
_PORTA                             (abs)        005
_POWER_INITIAL                     text659      368
_PR2H                              (abs)        092
_PR2L                              (abs)        091
_PWM1_BLUE                         text652      3A0
_PWM1_GREEN                        text653      3A9
_PWM1_INITIAL                      text648      32E
_PWM1_RATE_CHANGE                  text647      227
_PWM1_RED                          text654      3B2
_PWM1_WHITE                        text651      397
_PWM_MODE_CHANGE                   text642      377
_PWM_MODE_REFRESH                  text645      1E4
_RA3                               (abs)        02B
_RA4                               (abs)        02C
_ReceiveFinish                     bssBANK0     04A
_SET_MODE_REFRESH                  text641      00D
_T0IE                              (abs)        05D
_T0IF                              (abs)        05A
_T2CON0                            (abs)        012
_T2CON1                            (abs)        09E
_TIMER0_INITIAL                    text657      3D4
_TMR0                              (abs)        001
_TMR2H                             (abs)        013
_TMR2IE                            (abs)        461
_TMR2IF                            (abs)        061
_TMR2L                             (abs)        011
_TMR2ON                            (abs)        092
_TRISA                             (abs)        085
_TRISA3                            (abs)        42B
_WPUA                              (abs)        095
__Habs1                            abs1         000
__Hbank0                           bank0        000
__Hbank1                           bank1        000
__HbssBANK0                        bssBANK0     000
__HbssCOMMON                       bssCOMMON    000
__Hcinit                           cinit        000
__Hclrtext                         clrtext      000
__Hcode                            code         000
__Hcommon                          common       000
__Hconfig                          config       000
__HcstackBANK0                     cstackBANK0  000
__HcstackCOMMON                    cstackCOMMON 000
__HdataBANK0                       dataBANK0    000
__HdataCOMMON                      dataCOMMON   000
__Heeprom_data                     eeprom_data  000
__Hend_init                        end_init     00D
__Hfunctab                         functab      000
__HidataBANK0                      idataBANK0   000
__HidataCOMMON                     idataCOMMON  000
__Hidloc                           idloc        000
__Hinit                            init         00C
__Hintentry                        intentry     00C
__Hmaintext                        maintext     000
__Hpa_nodes                        pa_nodes     000
__Hpowerup                         powerup      000
__Hram                             ram          000
__Hreset_vec                       reset_vec    001
__Hsfr0                            sfr0         000
__Hsfr1                            sfr1         000
__Hstrings                         strings      000
__Htext                            text         000
__Labs1                            abs1         000
__Lbank0                           bank0        000
__Lbank1                           bank1        000
__LbssBANK0                        bssBANK0     000
__LbssCOMMON                       bssCOMMON    000
__Lcinit                           cinit        000
__Lclrtext                         clrtext      000
__Lcode                            code         000
__Lcommon                          common       000
__Lconfig                          config       000
__LcstackBANK0                     cstackBANK0  000
__LcstackCOMMON                    cstackCOMMON 000
__LdataBANK0                       dataBANK0    000
__LdataCOMMON                      dataCOMMON   000
__Leeprom_data                     eeprom_data  000
__Lend_init                        end_init     00C
__Lfunctab                         functab      000
__LidataBANK0                      idataBANK0   000
__LidataCOMMON                     idataCOMMON  000
__Lidloc                           idloc        000
__Linit                            init         00C
__Lintentry                        intentry     004
__Lmaintext                        maintext     000
__Lpa_nodes                        pa_nodes     000
__Lpowerup                         powerup      000
__Lram                             ram          000
__Lreset_vec                       reset_vec    000
__Lsfr0                            sfr0         000
__Lsfr1                            sfr1         000
__Lstrings                         strings      000
__Ltext                            text         000
__S0                               (abs)        3FF
__S1                               (abs)        07B
__S2                               (abs)        000
___lbmod                           text650      312
___lbmod@counter                   cstackCOMMON 076
___lbmod@dividend                  cstackCOMMON 075
___lbmod@divisor                   cstackCOMMON 073
___lbmod@rem                       cstackCOMMON 077
___lmul                            text649      25E
___lmul@multiplicand               cstackBANK0  058
___lmul@multiplier                 cstackBANK0  054
___lmul@product                    cstackCOMMON 073
__end_of_DelayMs                   text643      368
__end_of_DelayUs                   text644      397
__end_of_ISR                       text660      1E4
__end_of_JUMP_MODE_CHANGE          text655      312
__end_of_MIX_MODE_CHANGE           text646      2B6
__end_of_PA3_Level_Change_INITIAL  text656      3C4
__end_of_POWER_INITIAL             text659      377
__end_of_PWM1_BLUE                 text652      3A9
__end_of_PWM1_GREEN                text653      3B2
__end_of_PWM1_INITIAL              text648      348
__end_of_PWM1_RATE_CHANGE          text647      259
__end_of_PWM1_RED                  text654      3BB
__end_of_PWM1_WHITE                text651      3A0
__end_of_PWM_MODE_CHANGE           text642      383
__end_of_PWM_MODE_REFRESH          text645      227
__end_of_SET_MODE_REFRESH          text641      0DE
__end_of_TIMER0_INITIAL            text657      3DC
__end_of___lbmod                   text650      32E
__end_of___lmul                    text649      291
__end_of_main                      maintext     195
__end_of_reset_led_status          text658      3FF
__pbssBANK0                        bssBANK0     040
__pbssCOMMON                       bssCOMMON    07A
__pcstackBANK0                     cstackBANK0  054
__pcstackCOMMON                    cstackCOMMON 070
__pdataBANK0                       dataBANK0    061
__pdataCOMMON                      dataCOMMON   078
__pidataBANK0                      idataBANK0   000
__pidataCOMMON                     idataCOMMON  000
__pintentry                        intentry     004
__pmaintext                        maintext     0EE
__pstrings                         strings      2C2
__pswtext1                         swtext1      3E8
__pswtext2                         swtext2      3EC
__pswtext3                         swtext3      3DC
__pswtext4                         swtext4      3CC
__pswtext5                         swtext5      383
__pswtext6                         swtext6      3E2
__pswtext7                         swtext7      3F0
__pswtext8                         swtext8      3F4
__pswtext9                         swtext9      3F8
__ptext641                         text641      00D
__ptext642                         text642      377
__ptext643                         text643      358
__ptext644                         text644      38E
__ptext645                         text645      1E4
__ptext646                         text646      291
__ptext647                         text647      227
__ptext648                         text648      32E
__ptext649                         text649      25E
__ptext650                         text650      312
__ptext651                         text651      397
__ptext652                         text652      3A0
__ptext653                         text653      3A9
__ptext654                         text654      3B2
__ptext655                         text655      2EE
__ptext656                         text656      3BB
__ptext657                         text657      3D4
__ptext658                         text658      3FC
__ptext659                         text659      368
__ptext660                         text660      195
__ptext661                         text661      000
__size_of_DelayMs                  (abs)        000
__size_of_DelayUs                  (abs)        000
__size_of_ISR                      (abs)        000
__size_of_JUMP_MODE_CHANGE         (abs)        000
__size_of_MIX_MODE_CHANGE          (abs)        000
__size_of_PA3_Level_Change_INITIAL (abs)        000
__size_of_POWER_INITIAL            (abs)        000
__size_of_PWM1_BLUE                (abs)        000
__size_of_PWM1_GREEN               (abs)        000
__size_of_PWM1_INITIAL             (abs)        000
__size_of_PWM1_RATE_CHANGE         (abs)        000
__size_of_PWM1_RED                 (abs)        000
__size_of_PWM1_WHITE               (abs)        000
__size_of_PWM_MODE_CHANGE          (abs)        000
__size_of_PWM_MODE_REFRESH         (abs)        000
__size_of_SET_MODE_REFRESH         (abs)        000
__size_of_TIMER0_INITIAL           (abs)        000
__size_of___lbmod                  (abs)        000
__size_of___lmul                   (abs)        000
__size_of_main                     (abs)        000
__size_of_reset_led_status         (abs)        000
_auto_power_off_timer_H            bssBANK0     044
_auto_power_off_timer_L            bssBANK0     04B
_bitdata                           dataBANK0    061
_exit                              init         00C
_ft_user_pwm_mode                  bssBANK0     04C
_ft_user_set_mode                  bssBANK0     04D
_ir_key_value                      strings      2C8
_jump_led_rate                     dataCOMMON   078
_key_release                       bssBANK0     04E
_main                              maintext     0EE
_power_off_flag                    bssBANK0     04F
_power_off_mode_backup             dataBANK0    062
_pwm_colour_value                  bssCOMMON    07A
_pwm_rate_value                    bssBANK0     050
_reset_led_status                  text658      3FC
_set_time_mode_backup              dataCOMMON   079
_temp_mode                         bssBANK0     051
_time_15ms_cnt                     bssBANK0     052
_time_2s_cnt                       bssBANK0     053
btemp                              (abs)        07E
clear_ram                          clrtext      3C4
end_of_initialization              cinit        356
i1l4056                                            
i1l4062                                            
i1l4070                                            
i1l4072                                            
i1l4074                                            
i1l4078                                            
i1l4086                                            
i1l4088                                            
i1l4092                                            
i1l4102                                            
i1l4104                                            
i1l4108                                            
i1l4114                                            
i1l4116                                            
interrupt_function                 intentry     004
intlevel0                          functab      000
intlevel1                          functab      000
intlevel2                          functab      000
intlevel3                          functab      000
intlevel4                          functab      000
intlevel5                          functab      000
l1448                                              
l1451                                              
l1454                                              
l1457                                              
l1460                                              
l1495                                              
l1513                                              
l1521                                              
l2266                                              
l2269                                              
l2869                                              
l2908                                              
l4118                                              
l4120                                              
l4122                                              
l4124                                              
l4126                                              
l4128                                              
l4130                                              
l4132                                              
l4134                                              
l4136                                              
l4138                                              
l4140                                              
l4142                                              
l4144                                              
l4148                                              
l4160                                              
l4172                                              
l4174                                              
l4176                                              
l4178                                              
l4180                                              
l4182                                              
l4184                                              
l4186                                              
l4188                                              
l4190                                              
l4192                                              
l4196                                              
l4198                                              
l4204                                              
l4220                                              
l4222                                              
l4224                                              
l4226                                              
l4228                                              
l4230                                              
l4232                                              
l4234                                              
l4236                                              
l4238                                              
l4240                                              
l4242                                              
l4244                                              
l4248                                              
l4250                                              
l4290                                              
l4292                                              
l4300                                              
l4304                                              
l4320                                              
l4322                                              
l4332                                              
l4348                                              
l4360                                              
l4366                                              
l4380                                              
l4382                                              
l4386                                              
l4396                                              
l4398                                              
l4404                                              
l4406                                              
l4866                                              
l4872                                              
l4878                                              
l4880                                              
l4902                                              
l4904                                              
l4906                                              
l4908                                              
l4910                                              
l4912                                              
l4914                                              
l4916                                              
l4918                                              
l4920                                              
l4922                                              
l4924                                              
l4926                                              
l4948                                              
l4960                                              
l4976                                              
l4994                                              
l5000                                              
l5002                                              
l5016                                              
l5018                                              
l5042                                              
l5046                                              
l5054                                              
l5056                                              
l5064                                              
l5068                                              
l5078                                              
l5082                                              
l5092                                              
l5094                                              
l5098                                              
l5108                                              
l5112                                              
l5116                                              
l5122                                              
l5124                                              
l5138                                              
l5148                                              
l5152                                              
l5156                                              
l726                                               
l729                                               
main@i                             cstackBANK0  060
reset_vec                          reset_vec    000
saved_w                            (abs)        07E
start                              init         00C
start_initialization               cinit        348
wtemp0                             (abs)        07E
