HI-TECH Software C Compiler 

Linker command line:

--edf=d:\ide_wai\fmdide\data\dat\en_msgs.txt -cs -h+test_ft62f21x_sleep.sym \
  -z -Q16F684 -ol.obj -Mtest_ft62f21x_sleep.map -E1 -ACONST=00h-0FFhx4 \
  -ACODE=00h-03FFh -ASTRCODE=00h-03FFh -AENTRY=00h-0FFhx4 \
  -ASTRING=00h-0FFhx4 -ABANK0=040h-06Fh -ARAM=040h-06Fh -AABS1=040h-07Fh \
  -ACOMMON=070h-07Fh -ASFR0=00h-03Fh -ASFR1=080h-0EFh \
  -preset_vec=00h,intentry,init,end_init -ppowerup=CODE -pfunctab=CODE \
  -ACONFIG=02007h-02007h -pconfig=CONFIG -DCONFIG=2 -AIDLOC=02000h-02003h \
  -pidloc=IDLOC -DIDLOC=2 -AEEDATA=00h-07Fh/02100h -peeprom_data=EEDATA \
  -DEEDATA=2 -DCODE=2 -DSTRCODE=2 -DSTRING=2 -DCONST=2 -DENTRY=2 -k \
  startup.obj test_ft62f21x_sleep.obj 

Object code version is 3.10

Machine type is 16F684



                Name                               Link     Load   Length Selector   Space Scale
startup.obj     end_init                              0        0        1        0       0
test_ft62f21x_sleep.obj
                text57                              3C2      3C2        E      784       0
                text56                              3B9      3B9        9      772       0
                text55                              3D0      3D0       10      7A0       0
                text54                              3E0      3E0       10      7C0       0
                maintext                            3F0      3F0       10      7E0       0
                cstackCOMMON                         70       70        8       70       1
                cinit                               3B7      3B7        2      76E       0

TOTAL           Name                               Link     Load   Length     Space
        CLASS   CONST          

        CLASS   CODE           
                end_init                              0        0        1         0
                text57                              3C2      3C2        E         0
                text56                              3B9      3B9        9         0
                text55                              3D0      3D0       10         0
                text54                              3E0      3E0       10         0
                maintext                            3F0      3F0       10         0
                cinit                               3B7      3B7        2         0

        CLASS   STRCODE        

        CLASS   ENTRY          

        CLASS   STRING         

        CLASS   BANK0          

        CLASS   RAM            

        CLASS   ABS1           
                abs_s1                               7E       7E        2         1

        CLASS   COMMON         
                cstackCOMMON                         70       70        8         1

        CLASS   SFR0           

        CLASS   SFR1           

        CLASS   CONFIG         

        CLASS   IDLOC          

        CLASS   EEDATA         

        CLASS   BANK1          



SEGMENTS        Name                           Load    Length   Top    Selector   Space  Class     Delta

                reset_vec                      000000  000001  000001         0       0  CODE        2
                cstackCOMMON                   000070  000008  000078        70       1  COMMON      1
                cinit                          0003B7  000002  0003B9       76E       0  CODE        2
                text56                         0003B9  000009  0003C2       772       0  CODE        2
                text57                         0003C2  00000E  0003D0       784       0  CODE        2
                text55                         0003D0  000010  0003E0       7A0       0  CODE        2
                text54                         0003E0  000010  0003F0       7C0       0  CODE        2
                maintext                       0003F0  000010  000400       7E0       0  CODE        2


UNUSED ADDRESS RANGES

        Name                Unused          Largest block    Delta
        BANK0            040-06F            30           1
        CODE             001-3B6           3B6           2
        COMMON           078-07D             6           1
        CONFIG           2007-2007             1           2
        CONST            001-3B6           100           2
        EEDATA           2100-217F            80           2
        ENTRY            001-3B6           100           2
        IDLOC            2000-2003             4           2
        RAM              040-06F            30           1
        SFR0             000-03F            40           1
        SFR1             080-0EF            70           1
        STRCODE          001-3B6           3B6           2
        STRING           001-3B6           100           2

                                  Symbol Table

??_DelayMs              cstackCOMMON 072
??_DelayS               cstackCOMMON 075
??_DelayUs              cstackCOMMON 070
??_POWER_INITIAL        cstackCOMMON 070
??_main                 cstackCOMMON 078
?_DelayMs               cstackCOMMON 070
?_DelayS                cstackCOMMON 070
?_DelayUs               cstackCOMMON 070
?_POWER_INITIAL         cstackCOMMON 070
?_main                  cstackCOMMON 070
DelayMs@Time            cstackCOMMON 072
DelayMs@a               cstackCOMMON 073
DelayMs@b               cstackCOMMON 074
DelayS@Time             cstackCOMMON 075
DelayS@a                cstackCOMMON 076
DelayS@b                cstackCOMMON 077
DelayUs@Time            cstackCOMMON 070
DelayUs@a               cstackCOMMON 071
_DelayMs                text55       3D0
_DelayS                 text54       3E0
_DelayUs                text56       3B9
_INTCON                 (abs)        00B
_MSCON                  (abs)        01B
_OPTION                 (abs)        081
_OSCCON                 (abs)        08F
_PORTA                  (abs)        005
_POWER_INITIAL          text57       3C2
_RA3                    (abs)        02B
_RA4                    (abs)        02C
_TRISA                  (abs)        085
_WPUA                   (abs)        095
__Habs1                 abs1         000
__Hbank0                bank0        000
__Hbank1                bank1        000
__Hcinit                cinit        000
__Hclrtext              clrtext      000
__Hcode                 code         000
__Hcommon               common       000
__Hconfig               config       000
__HcstackCOMMON         cstackCOMMON 000
__Heeprom_data          eeprom_data  000
__Hend_init             end_init     001
__Hfunctab              functab      000
__Hidloc                idloc        000
__Hinit                 init         000
__Hintentry             intentry     000
__Hmaintext             maintext     000
__Hpa_nodes             pa_nodes     000
__Hpowerup              powerup      000
__Hram                  ram          000
__Hreset_vec            reset_vec    000
__Hsfr0                 sfr0         000
__Hsfr1                 sfr1         000
__Hstrings              strings      000
__Htext                 text         000
__Labs1                 abs1         000
__Lbank0                bank0        000
__Lbank1                bank1        000
__Lcinit                cinit        000
__Lclrtext              clrtext      000
__Lcode                 code         000
__Lcommon               common       000
__Lconfig               config       000
__LcstackCOMMON         cstackCOMMON 000
__Leeprom_data          eeprom_data  000
__Lend_init             end_init     000
__Lfunctab              functab      000
__Lidloc                idloc        000
__Linit                 init         000
__Lintentry             intentry     000
__Lmaintext             maintext     000
__Lpa_nodes             pa_nodes     000
__Lpowerup              powerup      000
__Lram                  ram          000
__Lreset_vec            reset_vec    000
__Lsfr0                 sfr0         000
__Lsfr1                 sfr1         000
__Lstrings              strings      000
__Ltext                 text         000
__S0                    (abs)        400
__S1                    (abs)        078
__S2                    (abs)        000
__end_of_DelayMs        text55       3E0
__end_of_DelayS         text54       3F0
__end_of_DelayUs        text56       3C2
__end_of_POWER_INITIAL  text57       3D0
__end_of_main           maintext     400
__pcstackCOMMON         cstackCOMMON 070
__pmaintext             maintext     3F0
__ptext53               text53       000
__ptext54               text54       3E0
__ptext55               text55       3D0
__ptext56               text56       3B9
__ptext57               text57       3C2
__ptext58               text58       000
__size_of_DelayMs       (abs)        000
__size_of_DelayS        (abs)        000
__size_of_DelayUs       (abs)        000
__size_of_POWER_INITIAL (abs)        000
__size_of_main          (abs)        000
_exit                   init         000
_main                   maintext     3F0
btemp                   (abs)        07E
end_of_initialization   cinit        3B7
intlevel0               functab      000
intlevel1               functab      000
intlevel2               functab      000
intlevel3               functab      000
intlevel4               functab      000
intlevel5               functab      000
l1630                                   
l1632                                   
l1634                                   
l1636                                   
l1638                                   
l1640                                   
l1642                                   
l1644                                   
l1648                                   
l1658                                   
l1660                                   
l1666                                   
l1676                                   
l1678                                   
l1684                                   
l1686                                   
l1688                                   
l1690                                   
l1692                                   
l1696                                   
l1698                                   
l1700                                   
l1702                                   
l677                                    
l683                                    
l691                                    
l699                                    
reset_vec               reset_vec    000
start                   init         000
start_initialization    cinit        3B7
wtemp0                  (abs)        07E
